###############################################################################
#
# IAR ELF Linker V9.60.3.422/W64 for ARM                  28/Jul/2025  18:42:36
# Copyright 2007-2024 IAR Systems AB.
#
#    Output file  =
#        D:\Documents\nuedc\TSP-main_clearing_up\TSP-main\TSP3519\iar\Debug\Exe\empty_mspm0g3519_nortos_iar.out
#    Map file     =
#        D:\Documents\nuedc\TSP-main_clearing_up\TSP-main\TSP3519\iar\Debug\List\empty_mspm0g3519_nortos_iar.map
#    Command line =
#        -f
#        D:\Documents\nuedc\TSP-main_clearing_up\TSP-main\TSP3519\iar\Debug\Exe\empty_mspm0g3519_nortos_iar.out.rsp
#        (D:\Documents\nuedc\TSP-main_clearing_up\TSP-main\TSP3519\iar\Debug\Obj\NUEDU2025_11847588325976546582.dir\Kalman.o
#        D:\Documents\nuedc\TSP-main_clearing_up\TSP-main\TSP3519\iar\Debug\Obj\iar_102420246905159791.dir\startup_mspm0g351x_iar.o
#        "D:\Documents\nuedc\TSP-main_clearing_up\TSP-main\TSP3519\iar\Debug\Obj\SysConfig
#        Generated Files_5435349133262493662.dir\ti_msp_dl_config.o"
#        D:\Documents\nuedc\TSP-main_clearing_up\TSP-main\TSP3519\iar\Debug\Obj\empty_mspm0g3519_13168490636323535303.dir\TSP3519.o
#        D:\Documents\nuedc\TSP-main_clearing_up\TSP-main\TSP3519\iar\Debug\Obj\TSP3519_9401757970942732151.dir\tsp_adc.o
#        D:\Documents\nuedc\TSP-main_clearing_up\TSP-main\TSP3519\iar\Debug\Obj\TSP3519_9401757970942732151.dir\tsp_battery.o
#        D:\Documents\nuedc\TSP-main_clearing_up\TSP-main\TSP3519\iar\Debug\Obj\TSP3519_9401757970942732151.dir\TSP_CCD.o
#        D:\Documents\nuedc\TSP-main_clearing_up\TSP-main\TSP3519\iar\Debug\Obj\NUEDU2025_11847588325976546582.dir\tsp_ccd_image.o
#        D:\Documents\nuedc\TSP-main_clearing_up\TSP-main\TSP3519\iar\Debug\Obj\TSP3519_9401757970942732151.dir\tsp_gpio.o
#        D:\Documents\nuedc\TSP-main_clearing_up\TSP-main\TSP3519\iar\Debug\Obj\TSP3519_9401757970942732151.dir\tsp_i2c.o
#        D:\Documents\nuedc\TSP-main_clearing_up\TSP-main\TSP3519\iar\Debug\Obj\NUEDU2025_11847588325976546582.dir\tsp_isr.o
#        D:\Documents\nuedc\TSP-main_clearing_up\TSP-main\TSP3519\iar\Debug\Obj\NUEDU2025_11847588325976546582.dir\tsp_menu.o
#        D:\Documents\nuedc\TSP-main_clearing_up\TSP-main\TSP3519\iar\Debug\Obj\NUEDU2025_11847588325976546582.dir\tsp_motor.o
#        D:\Documents\nuedc\TSP-main_clearing_up\TSP-main\TSP3519\iar\Debug\Obj\TSP3519_9401757970942732151.dir\TSP_MPU6050.o
#        D:\Documents\nuedc\TSP-main_clearing_up\TSP-main\TSP3519\iar\Debug\Obj\NUEDU2025_11847588325976546582.dir\tsp_pid.o
#        D:\Documents\nuedc\TSP-main_clearing_up\TSP-main\TSP3519\iar\Debug\Obj\TSP3519_9401757970942732151.dir\tsp_pwm.o
#        D:\Documents\nuedc\TSP-main_clearing_up\TSP-main\TSP3519\iar\Debug\Obj\TSP3519_9401757970942732151.dir\tsp_qei.o
#        D:\Documents\nuedc\TSP-main_clearing_up\TSP-main\TSP3519\iar\Debug\Obj\NUEDU2025_11847588325976546582.dir\tsp_servo.o
#        D:\Documents\nuedc\TSP-main_clearing_up\TSP-main\TSP3519\iar\Debug\Obj\TSP3519_9401757970942732151.dir\TSP_TFT18.o
#        D:\Documents\nuedc\TSP-main_clearing_up\TSP-main\TSP3519\iar\Debug\Obj\TSP3519_9401757970942732151.dir\tsp_uart.o
#        --redirect _Printf=_PrintfFullNoMb --redirect _Scanf=_ScanfFullNoMb
#        --no_out_extension -o
#        D:\Documents\nuedc\TSP-main_clearing_up\TSP-main\TSP3519\iar\Debug\Exe\empty_mspm0g3519_nortos_iar.out
#        --map
#        D:\Documents\nuedc\TSP-main_clearing_up\TSP-main\TSP3519\iar\Debug\List\empty_mspm0g3519_nortos_iar.map
#        --config
#        D:\Documents\nuedc\TSP-main_clearing_up\TSP-main\TSP3519\iar/mspm0g3519.icf
#        C:\ti\mspm0_sdk_2_05_01_00/source/ti/driverlib/lib/iar/m0p/mspm0gx51x/driverlib.a
#        --silent --semihosting --entry __iar_program_start --vfe --text_out
#        locale --cpu=Cortex-M0+ --fpu=None) --dependencies=n
#        D:\Documents\nuedc\TSP-main_clearing_up\TSP-main\TSP3519\iar\Debug\Exe\empty_mspm0g3519_nortos_iar.out.iar_deps
#
###############################################################################

*******************************************************************************
*** RUNTIME MODEL ATTRIBUTES
***

CppFlavor       = *
__CPP_Runtime   = 1
__SystemLibrary = DLib
__dlib_version  = 6


*******************************************************************************
*** HEAP SELECTION
***

The basic heap was selected because no calls to memory allocation
functions were found in the application outside of system library
functions, there are calls to deallocation functions in the
application, and the application appears to be primarily
optimized for speed.


*******************************************************************************
*** PLACEMENT SUMMARY
***

"A0":  place at address 0x0 { ro section .intvec };
define block ALIGNED_ROM with end alignment = 8 { ro };
"P1":  place in [from 0x0 to 0x7'ffff] { block ALIGNED_ROM };
define block CSTACK with size = 512, alignment = 8 { };
define block PROC_STACK with size = 0, alignment = 8 { };
define block TRIM_TABLE with alignment = 8 { rw code section .TrimTable };
define block HEAP with size = 1K, alignment = 8 { };
"P2":  place in [from 0x2020'0000 to 0x2020'ffff] {
          rw, block CSTACK, block PROC_STACK, block TRIM_TABLE, block HEAP };
initialize by copy { rw };

No sections matched the following patterns:

  rw code section .TrimTable  in block TRIM_TABLE
  section BCRCONFIG           in "P3"
  section BSLCONFIG           in "P4"
  section DataBank            in "P5"


  Section              Kind         Address  Alignment    Size  Object
  -------              ----         -------  ---------    ----  ------
"A0":                                                     0xc0
  .intvec              const            0x0          4    0xc0  startup_mspm0g351x_iar.o [5]
                                     - 0xc0               0xc0

"P1", part 1 of 2:                                      0x3fb8
  ALIGNED_ROM                          0xc0             0x3fb8  <Block>
    .rodata            const           0xc0          4    0x28  ti_msp_dl_config.o [2]
    .rodata            const           0xe8          4    0x50  ti_msp_dl_config.o [2]
    .rodata            const          0x138          4   0x5f0  TSP_TFT18.o [3]
    .rodata            const          0x728          4    0x6a  xprintffull_nomb.o [6]
    .rodata            const          0x792          2     0x2  xlocale_c.o [6]
    .text              ro code        0x794          4   0x46c  ti_msp_dl_config.o [2]
    .text              ro code        0xc00          4    0x54  ti_msp_dl_config.o [2]
    .text              ro code        0xc54          4    0xd0  ti_msp_dl_config.o [2]
    .text              ro code        0xd24          4   0x21c  ti_msp_dl_config.o [2]
    .text              ro code        0xf40          4    0x40  ti_msp_dl_config.o [2]
    .text              ro code        0xf80          4    0x88  ti_msp_dl_config.o [2]
    .text              ro code       0x1008          4    0xcc  ti_msp_dl_config.o [2]
    .text              ro code       0x10d4          4    0x4c  ti_msp_dl_config.o [2]
    .text              ro code       0x1120          4    0x4c  ti_msp_dl_config.o [2]
    .text              ro code       0x116c          4    0x50  ti_msp_dl_config.o [2]
    .text              ro code       0x11bc          4    0x44  ti_msp_dl_config.o [2]
    .text              ro code       0x1200          4    0x3c  ti_msp_dl_config.o [2]
    .text              ro code       0x123c          4    0x90  ti_msp_dl_config.o [2]
    .text              ro code       0x12cc          4    0x5c  ti_msp_dl_config.o [2]
    .text              ro code       0x1328          4    0x10  ti_msp_dl_config.o [2]
    .text              ro code       0x1338          4     0xa  dl_common.o [7]
    .text              ro code       0x1342          2     0x2  startup_mspm0g351x_iar.o [5]
    .text              ro code       0x1344          4   0x184  dl_sysctl_mspm0gx51x.o [7]
    .text              ro code       0x14c8          4   0x17c  dl_timer.o [7]
    .text              ro code       0x1644          4    0xc8  dl_i2c.o [7]
    .text              ro code       0x170c          4    0x60  dl_uart.o [7]
    .text              ro code       0x176c          4    0x84  dl_spi.o [7]
    .text              ro code       0x17f0          4    0x4c  dl_adc12.o [7]
    .text              ro code       0x183c          4    0x58  dl_factoryregion.o [7]
    .text              ro code       0x1894          4    0x54  TSP3519.o [4]
    .text              ro code       0x18e8          4   0x280  TSP_TFT18.o [3]
    .text              ro code       0x1b68          4   0x1f0  TSP_MPU6050.o [3]
    .text              ro code       0x1d58          4    0x20  tsp_uart.o [3]
    .text              ro code       0x1d78          4    0x22  tsp_gpio.o [3]
    .text              ro code       0x1d9a          2     0xa  xsprout.o [6]
    .text              ro code       0x1da4          4    0xe0  tsp_battery.o [3]
    .text              ro code       0x1e84          4    0x32  FltToDbl.o [8]
    .text              ro code       0x1eb6          2    0x3e  packbits_init_single.o [9]
    .text              ro code       0x1ef4          4    0x40  sprintf.o [6]
    .text              ro code       0x1f34          4   0x1f4  tsp_isr.o [1]
    .text              ro code       0x2128          4   0x364  tsp_i2c.o [3]
    .text              ro code       0x248c          4    0x36  IxxToFlt.o [8]
    .text              ro code       0x24c2          2   0x120  FltAddSub.o [8]
    .text              ro code       0x25e2          2    0xa4  FltDiv.o [8]
    .text              ro code       0x2686          2    0xb0  FltMul.o [8]
    .rodata            const         0x2736                0x1  xlocale_c.o [6]
    .text              ro code       0x2738          4   0xf86  xprintffull_nomb.o [6]
    .text              ro code       0x36be          2    0xe0  I32DivModFast.o [9]
    .text              ro code       0x37a0          4    0x34  tsp_qei.o [3]
    .text              ro code       0x37d4          4    0x12  strchr.o [9]
    .text              ro code       0x37e8          4    0x48  xfail_s.o [6]
    .text              ro code       0x3830          4     0xe  strlen.o [9]
    .text              ro code       0x3840          4    0x16  memchr.o [9]
    .text              ro code       0x3858          4    0x4e  ABImemcpy.o [9]
    .text              ro code       0x38a6          2    0x2a  frexp.o [8]
    .text              ro code       0x38d0          2    0x32  DblCmpLe.o [8]
    .text              ro code       0x3902          2    0x32  DblCmpGe.o [8]
    .text              ro code       0x3934          2    0x70  ldexp.o [8]
    .text              ro code       0x39a4          4    0x52  DblToI32.o [8]
    .text              ro code       0x39f8          4    0x34  IxxToDbl.o [8]
    .text              ro code       0x3a2c          2   0x1a8  DblAddSub.o [8]
    .text              ro code       0x3bd4          2    0xc2  DblDiv.o [8]
    .text              ro code       0x3c96          2   0x184  DblMul.o [8]
    .text              ro code       0x3e1c          4     0xc  xlocale_c.o [6]
    .text              ro code       0x3e28          2    0x7c  I64DivMod.o [9]
    .text              ro code       0x3ea4          4     0x2  IntDivZer.o [9]
    .text              ro code       0x3ea6          2     0xa  abort.o [6]
    .text              ro code       0x3eb0          4     0x2  I64DivZer.o [9]
    .text              ro code       0x3eb4          4    0x14  exit.o [10]
    .text              ro code       0x3ec8          4    0x58  tsp_adc.o [3]
    .text              ro code       0x3f20          4    0x1c  cstartup_M.o [9]
    .text              ro code       0x3f3c          4    0x1e  cmain.o [9]
    .text              ro code       0x3f5a          2     0x4  low_level_init.o [6]
    .text              ro code       0x3f60          4    0x28  data_init.o [9]
    .text              ro code       0x3f88          2     0x8  exit.o [6]
    .text              ro code       0x3f90          4     0xa  cexit.o [9]
    .text              ro code       0x3f9a          2     0x8  startup_mspm0g351x_iar.o [5]
    .text              ro code       0x3fa2          2    0x3c  zero_init3.o [9]
    .iar.init_table    const         0x3fe0          4    0x20  - Linker created -
    .rodata            const         0x4000                0x0  zero_init3.o [9]
    .rodata            const         0x4000                0x0  packbits_init_single.o [9]
    Initializer bytes  const         0x4000               0x71  <for P2-1>
                                   - 0x4071             0x3fb1

"P1", part 2 of 2:                                         0x0

"P2", part 1 of 3:                                        0xf8
  P2-1                          0x2020'0000               0xf8  <Init block>
    .data              inited   0x2020'0000          4    0xa4  tsp_menu.o [1]
    .data              inited   0x2020'00a4          4     0xc  TSP_MPU6050.o [3]
    .data              inited   0x2020'00b0          4     0xc  TSP_MPU6050.o [3]
    .data              inited   0x2020'00bc          4     0x4  dl_factoryregion.o [7]
    .data              inited   0x2020'00c0          4    0x38  xlocale_c.o [6]
                              - 0x2020'00f8               0xf8

"P2", part 2 of 3:                                       0x314
  .bss                 zero     0x2020'00f8          4   0x224  ti_msp_dl_config.o [2]
  .bss                 zero     0x2020'031c          4    0x80  TSP3519.o [4]
  .TrimTable           zero     0x2020'039c          4    0x44  dl_factoryregion.o [7]
  .bss                 zero     0x2020'03e0          4     0xc  tsp_qei.o [3]
  .bss                 zero     0x2020'03ec          4     0x8  tsp_isr.o [1]
  .bss                 zero     0x2020'03f4          4     0x4  xfail_s.o [6]
  .bss                 zero     0x2020'03f8          2     0x2  TSP3519.o [4]
  .bss                 zero     0x2020'03fa          2     0x2  TSP3519.o [4]
  .bss                 zero     0x2020'03fc                0x2  tsp_adc.o [3]
  .bss                 zero     0x2020'03fe          2     0x2  tsp_battery.o [3]
  .bss                 zero     0x2020'0400          2     0x2  tsp_qei.o [3]
  .bss                 zero     0x2020'0402          2     0x2  tsp_qei.o [3]
  .bss                 zero     0x2020'0404          2     0x2  tsp_qei.o [3]
  .bss                 zero     0x2020'0406          2     0x2  tsp_qei.o [3]
  .bss                 zero     0x2020'0408                0x1  TSP3519.o [4]
  .bss                 zero     0x2020'0409                0x1  TSP3519.o [4]
  .bss                 zero     0x2020'040a                0x1  TSP3519.o [4]
                              - 0x2020'040b              0x313

"P2", part 3 of 3:                                       0x200
  CSTACK                        0x2020'0410          8   0x200  <Block>
    CSTACK             uninit   0x2020'0410              0x200  <Block tail>
                              - 0x2020'0610              0x200

Unused ranges:

         From           To      Size
         ----           --      ----
       0x4078     0x7'ffff  0x7'bf88
  0x2020'040c  0x2020'040f       0x4
  0x2020'0610  0x2020'ffff    0xf9f0


*******************************************************************************
*** INIT TABLE
***

          Address      Size
          -------      ----
Zero (__iar_zero_init3)
    1 destination range, total size 0x313:
          0x2020'00f8  0x313

Copy/packbits (__iar_packbits_init_single3)
    1 source range, total size 0x71 (45% of destination):
               0x4000   0x71
    1 destination range, total size 0xf8:
          0x2020'0000   0xf8



*******************************************************************************
*** MODULE SUMMARY
***

    Module                    ro code  ro data  rw data
    ------                    -------  -------  -------
command line/config:
    ---------------------------------------------------
    Total:

D:\Documents\nuedc\TSP-main_clearing_up\TSP-main\TSP3519\iar\Debug\Obj\NUEDU2025_11847588325976546582.dir: [1]
    tsp_isr.o                     500                 8
    tsp_menu.o                              74      164
    ---------------------------------------------------
    Total:                        500       74      172

D:\Documents\nuedc\TSP-main_clearing_up\TSP-main\TSP3519\iar\Debug\Obj\SysConfig Generated Files_5435349133262493662.dir: [2]
    ti_msp_dl_config.o          2'980      120      548
    ---------------------------------------------------
    Total:                      2'980      120      548

D:\Documents\nuedc\TSP-main_clearing_up\TSP-main\TSP3519\iar\Debug\Obj\TSP3519_9401757970942732151.dir: [3]
    TSP_MPU6050.o                 496       11       24
    TSP_TFT18.o                   640    1'520
    tsp_adc.o                      88                 2
    tsp_battery.o                 224                 2
    tsp_gpio.o                     34
    tsp_i2c.o                     868
    tsp_qei.o                      52                20
    tsp_uart.o                     32
    ---------------------------------------------------
    Total:                      2'434    1'531       48

D:\Documents\nuedc\TSP-main_clearing_up\TSP-main\TSP3519\iar\Debug\Obj\empty_mspm0g3519_13168490636323535303.dir: [4]
    TSP3519.o                      84               135
    ---------------------------------------------------
    Total:                         84               135

D:\Documents\nuedc\TSP-main_clearing_up\TSP-main\TSP3519\iar\Debug\Obj\iar_102420246905159791.dir: [5]
    startup_mspm0g351x_iar.o       10      192
    ---------------------------------------------------
    Total:                         10      192

dl6M_tlf.a: [6]
    abort.o                        10
    exit.o                          8
    low_level_init.o                4
    sprintf.o                      64
    xfail_s.o                      72                 4
    xlocale_c.o                    12       29       56
    xprintffull_nomb.o          3'974      106
    xsprout.o                      10
    ---------------------------------------------------
    Total:                      4'154      135       60

driverlib.a: [7]
    dl_adc12.o                     76
    dl_common.o                    10
    dl_factoryregion.o             88        2       72
    dl_i2c.o                      200
    dl_spi.o                      132
    dl_sysctl_mspm0gx51x.o        388
    dl_timer.o                    380
    dl_uart.o                      96
    ---------------------------------------------------
    Total:                      1'370        2       72

m6M_tl.a: [8]
    DblAddSub.o                   424
    DblCmpGe.o                     50
    DblCmpLe.o                     50
    DblDiv.o                      194
    DblMul.o                      388
    DblToI32.o                     82
    FltAddSub.o                   288
    FltDiv.o                      164
    FltMul.o                      176
    FltToDbl.o                     50
    IxxToDbl.o                     52
    IxxToFlt.o                     54
    frexp.o                        42
    ldexp.o                       112
    ---------------------------------------------------
    Total:                      2'126

rt6M_tl.a: [9]
    ABImemcpy.o                    78
    I32DivModFast.o               224
    I64DivMod.o                   124
    I64DivZer.o                     2
    IntDivZer.o                     2
    cexit.o                        10
    cmain.o                        30
    cstartup_M.o                   28
    data_init.o                    40
    memchr.o                       22
    packbits_init_single.o         62
    strchr.o                       18
    strlen.o                       14
    zero_init3.o                   60
    ---------------------------------------------------
    Total:                        714

shb_l.a: [10]
    exit.o                         20
    ---------------------------------------------------
    Total:                         20

    Gaps                           17        2
    Linker created                          32      512
-------------------------------------------------------
    Grand Total:               14'409    2'088    1'547


*******************************************************************************
*** ENTRY LIST
***

Entry                       Address   Size  Type      Object
-----                       -------   ----  ----      ------
.iar.init_table$$Base        0x3fe0          --   Gb  - Linker created -
.iar.init_table$$Limit       0x4000          --   Gb  - Linker created -
?main                        0x3f3d         Code  Gb  cmain.o [9]
ADC0_IRQHandler              0x1e47   0x20  Code  Gb  tsp_battery.o [3]
ADC0_flag               0x2020'03fe    0x2  Data  Gb  tsp_battery.o [3]
ADC0_init                    0x1df9    0xa  Code  Gb  tsp_battery.o [3]
ADC1_IRQHandler              0x3edf   0x34  Code  Gb  tsp_adc.o [3]
ADC1_flag               0x2020'03fc    0x1  Data  Gb  tsp_adc.o [3]
ADC2_flag               0x2020'03fd    0x1  Data  Gb  tsp_adc.o [3]
AESADV_IRQHandler            0x1343    0x2  Code  Wk  startup_mspm0g351x_iar.o [5]
ALIGNED_ROM$$Base              0xc0          --   Gb  - Linker created -
ALIGNED_ROM$$Limit           0x4078          --   Gb  - Linker created -
Board_init                   0x1895   0x18  Code  Gb  TSP3519.o [4]
CANFD0_IRQHandler            0x1343    0x2  Code  Wk  startup_mspm0g351x_iar.o [5]
CANFD1_IRQHandler            0x1343    0x2  Code  Wk  startup_mspm0g351x_iar.o [5]
CSTACK$$Base            0x2020'0410          --   Gb  - Linker created -
CSTACK$$Limit           0x2020'0610          --   Gb  - Linker created -
DAC0_IRQHandler              0x1343    0x2  Code  Wk  startup_mspm0g351x_iar.o [5]
DL_ADC12_clearInterruptStatus
                              0x8b5    0xc  Code  Lc  ti_msp_dl_config.o [2]
DL_ADC12_clearInterruptStatus
                             0x3ed3    0xc  Code  Lc  tsp_adc.o [3]
DL_ADC12_clearInterruptStatus
                             0x1ded    0xc  Code  Lc  tsp_battery.o [3]
DL_ADC12_configConversionMem
                              0x881   0x28  Code  Lc  ti_msp_dl_config.o [2]
DL_ADC12_enableConversions
                              0x86b   0x10  Code  Lc  ti_msp_dl_config.o [2]
DL_ADC12_enableConversions
                             0x1dc7   0x10  Code  Lc  tsp_battery.o [3]
DL_ADC12_enableInterrupt
                              0x8a9    0xc  Code  Lc  ti_msp_dl_config.o [2]
DL_ADC12_enablePower          0x813    0xa  Code  Lc  ti_msp_dl_config.o [2]
DL_ADC12_getMemResult        0x1dd7    0xc  Code  Lc  tsp_battery.o [3]
DL_ADC12_getPendingInterrupt
                             0x3ec9    0xa  Code  Lc  tsp_adc.o [3]
DL_ADC12_getPendingInterrupt
                             0x1de3    0xa  Code  Lc  tsp_battery.o [3]
DL_ADC12_initSeqSample        0x825   0x34  Code  Lc  ti_msp_dl_config.o [2]
DL_ADC12_reset                0x81d    0x8  Code  Lc  ti_msp_dl_config.o [2]
DL_ADC12_setClockConfig
                             0x17f1   0x3c  Code  Gb  dl_adc12.o [7]
DL_ADC12_setPowerDownMode
                              0x859   0x12  Code  Lc  ti_msp_dl_config.o [2]
DL_ADC12_setSampleTime0
                              0x87b    0x6  Code  Lc  ti_msp_dl_config.o [2]
DL_ADC12_startConversion
                             0x1db7   0x10  Code  Lc  tsp_battery.o [3]
DL_Common_delayCycles        0x1339    0xa  Code  Gb  dl_common.o [7]
DL_Common_updateReg           0x807    0xc  Code  Lc  ti_msp_dl_config.o [2]
DL_Common_updateReg          0x2129    0xc  Code  Lc  tsp_i2c.o [3]
DL_Common_updateReg          0x1f35    0xc  Code  Lc  tsp_isr.o [1]
DL_FACTORYREGION_TrimTable
                        0x2020'039c   0x44  Data  Gb  dl_factoryregion.o [7]
DL_FactoryRegion_initTrimTable
                             0x183d   0x58  Code  Gb  dl_factoryregion.o [7]
DL_GPIO_clearInterruptStatus
                              0x9b7    0xc  Code  Lc  ti_msp_dl_config.o [2]
DL_GPIO_clearInterruptStatus
                             0x1f57    0xc  Code  Lc  tsp_isr.o [1]
DL_GPIO_clearPins             0x97f    0x8  Code  Lc  ti_msp_dl_config.o [2]
DL_GPIO_clearPins            0x218b    0x8  Code  Lc  tsp_i2c.o [3]
DL_GPIO_clearPins            0x18ef    0x8  Code  Lc  TSP_TFT18.o [3]
DL_GPIO_enableHiZ             0x999   0x12  Code  Lc  ti_msp_dl_config.o [2]
DL_GPIO_enableHiZ            0x2199   0x12  Code  Lc  tsp_i2c.o [3]
DL_GPIO_enableInterrupt
                              0x9ab    0xc  Code  Lc  ti_msp_dl_config.o [2]
DL_GPIO_enableOutput          0x987    0x6  Code  Lc  ti_msp_dl_config.o [2]
DL_GPIO_enableOutput         0x2193    0x6  Code  Lc  tsp_i2c.o [3]
DL_GPIO_enablePower           0x901    0xa  Code  Lc  ti_msp_dl_config.o [2]
DL_GPIO_getEnabledInterruptStatus
                             0x1f4d    0xa  Code  Lc  tsp_isr.o [1]
DL_GPIO_initDigitalInputFeatures
                              0x91f   0x1a  Code  Lc  ti_msp_dl_config.o [2]
DL_GPIO_initDigitalInputFeatures
                             0x2141   0x1a  Code  Lc  tsp_i2c.o [3]
DL_GPIO_initDigitalOutput
                              0x913    0xc  Code  Lc  ti_msp_dl_config.o [2]
DL_GPIO_initDigitalOutput
                             0x2135    0xc  Code  Lc  tsp_i2c.o [3]
DL_GPIO_initPeripheralAnalogFunction
                              0x973    0xc  Code  Lc  ti_msp_dl_config.o [2]
DL_GPIO_initPeripheralInputFunction
                              0x947    0xe  Code  Lc  ti_msp_dl_config.o [2]
DL_GPIO_initPeripheralInputFunctionFeatures
                              0x955   0x1e  Code  Lc  ti_msp_dl_config.o [2]
DL_GPIO_initPeripheralInputFunctionFeatures
                             0x215b   0x1e  Code  Lc  tsp_i2c.o [3]
DL_GPIO_initPeripheralOutputFunction
                              0x939    0xe  Code  Lc  ti_msp_dl_config.o [2]
DL_GPIO_readPins             0x2179    0xc  Code  Lc  tsp_i2c.o [3]
DL_GPIO_readPins             0x1f41    0xc  Code  Lc  tsp_isr.o [1]
DL_GPIO_reset                 0x90b    0x8  Code  Lc  ti_msp_dl_config.o [2]
DL_GPIO_setLowerPinsPolarity
                              0x98d    0xc  Code  Lc  ti_msp_dl_config.o [2]
DL_GPIO_setPins              0x2185    0x6  Code  Lc  tsp_i2c.o [3]
DL_GPIO_setPins              0x18e9    0x6  Code  Lc  TSP_TFT18.o [3]
DL_I2C_clearInterruptStatus
                             0x2217    0x6  Code  Lc  tsp_i2c.o [3]
DL_I2C_enableAnalogGlitchFilter
                              0x9ef   0x12  Code  Lc  ti_msp_dl_config.o [2]
DL_I2C_enableController
                              0xa07    0xe  Code  Lc  ti_msp_dl_config.o [2]
DL_I2C_enableControllerClockStretching
                              0xa15    0xe  Code  Lc  ti_msp_dl_config.o [2]
DL_I2C_enablePower            0x9cb    0xa  Code  Lc  ti_msp_dl_config.o [2]
DL_I2C_enablePower           0x21e5    0xa  Code  Lc  tsp_i2c.o [3]
DL_I2C_fillControllerTXFIFO
                             0x166f   0x74  Code  Gb  dl_i2c.o [7]
DL_I2C_flushControllerTXFIFO
                             0x16e3   0x26  Code  Gb  dl_i2c.o [7]
DL_I2C_getControllerStatus
                             0x21f7    0x6  Code  Lc  tsp_i2c.o [3]
DL_I2C_getRawInterruptStatus
                             0x220d    0xa  Code  Lc  tsp_i2c.o [3]
DL_I2C_isControllerRXFIFOEmpty
                             0x21ab   0x10  Code  Lc  tsp_i2c.o [3]
DL_I2C_receiveControllerData
                             0x21fd    0x8  Code  Lc  tsp_i2c.o [3]
DL_I2C_reset                  0x9d5    0x8  Code  Lc  ti_msp_dl_config.o [2]
DL_I2C_reset                 0x21ef    0x8  Code  Lc  tsp_i2c.o [3]
DL_I2C_resetControllerTransfer
                              0x9c3    0x8  Code  Lc  ti_msp_dl_config.o [2]
DL_I2C_setAnalogGlitchFilterPulseWidth
                              0x9dd   0x12  Code  Lc  ti_msp_dl_config.o [2]
DL_I2C_setClockConfig        0x1645   0x2a  Code  Gb  dl_i2c.o [7]
DL_I2C_setControllerRXFIFOThreshold
                              0xa31   0x10  Code  Lc  ti_msp_dl_config.o [2]
DL_I2C_setControllerTXFIFOThreshold
                              0xa23    0xe  Code  Lc  ti_msp_dl_config.o [2]
DL_I2C_setTimerPeriod         0xa01    0x6  Code  Lc  ti_msp_dl_config.o [2]
DL_I2C_startControllerTransfer
                             0x21bb   0x2a  Code  Lc  tsp_i2c.o [3]
DL_I2C_transmitControllerData
                             0x2205    0x8  Code  Lc  tsp_i2c.o [3]
DL_SPI_enable                 0xa53    0xe  Code  Lc  ti_msp_dl_config.o [2]
DL_SPI_enablePower            0xa41    0xa  Code  Lc  ti_msp_dl_config.o [2]
DL_SPI_init                  0x176d   0x44  Code  Gb  dl_spi.o [7]
DL_SPI_receiveDataBlocking8
                             0x17c1   0x10  Code  Gb  dl_spi.o [7]
DL_SPI_reset                  0xa4b    0x8  Code  Lc  ti_msp_dl_config.o [2]
DL_SPI_setBitRateSerialClockDivider
                              0xa79    0xe  Code  Lc  ti_msp_dl_config.o [2]
DL_SPI_setClockConfig        0x17b1   0x10  Code  Gb  dl_spi.o [7]
DL_SPI_setFIFOThreshold
                              0xa61   0x14  Code  Lc  ti_msp_dl_config.o [2]
DL_SPI_transmitDataBlocking8
                             0x17d1    0xe  Code  Gb  dl_spi.o [7]
DL_SYSCTL_configSYSPLL       0x1345   0xc2  Code  Gb  dl_sysctl_mspm0gx51x.o [7]
DL_SYSCTL_enableMFCLK         0x8e3    0xe  Code  Lc  ti_msp_dl_config.o [2]
DL_SYSCTL_setBORThreshold
                              0x8c1    0x6  Code  Lc  ti_msp_dl_config.o [2]
DL_SYSCTL_setFlashWaitState
                              0x8f1   0x10  Code  Lc  ti_msp_dl_config.o [2]
DL_SYSCTL_setHFCLKSourceHFXTParams
                             0x1435   0x68  Code  Gb  dl_sysctl_mspm0gx51x.o [7]
DL_SYSCTL_setSYSOSCFreq
                              0x8c7    0xe  Code  Lc  ti_msp_dl_config.o [2]
DL_SYSCTL_setULPCLKDivider
                              0x8d5    0xe  Code  Lc  ti_msp_dl_config.o [2]
DL_SYSCTL_switchMCLKfromSYSOSCtoHSCLK
                             0x1407   0x24  Code  Gb  dl_sysctl_mspm0gx51x.o [7]
DL_Timer_configQEI            0xaf1   0x1c  Code  Lc  ti_msp_dl_config.o [2]
DL_Timer_enableClock          0xaa1    0x8  Code  Lc  ti_msp_dl_config.o [2]
DL_Timer_enablePower          0xa87    0xa  Code  Lc  ti_msp_dl_config.o [2]
DL_Timer_getTimerCount       0x37a1    0x8  Code  Lc  tsp_qei.o [3]
DL_Timer_initFourCCPWMMode
                             0x152d   0xf6  Code  Gb  dl_timer.o [7]
DL_Timer_reset                0xa91    0x8  Code  Lc  ti_msp_dl_config.o [2]
DL_Timer_setCCPDirection
                              0xa99    0x8  Code  Lc  ti_msp_dl_config.o [2]
DL_Timer_setCaptCompUpdateMethod
                             0x14ef   0x1a  Code  Gb  dl_timer.o [7]
DL_Timer_setCaptureCompareOutCtl
                             0x1509   0x14  Code  Gb  dl_timer.o [7]
DL_Timer_setCaptureCompareValue
                             0x14e5    0xa  Code  Gb  dl_timer.o [7]
DL_Timer_setClockConfig
                             0x14c9   0x16  Code  Gb  dl_timer.o [7]
DL_Timer_setCounterControl
                              0xab5   0x16  Code  Lc  ti_msp_dl_config.o [2]
DL_Timer_setCounterValueAfterEnable
                             0x1f63   0x10  Code  Lc  tsp_isr.o [1]
DL_Timer_setLoadValue         0xaa9    0x6  Code  Lc  ti_msp_dl_config.o [2]
DL_Timer_startCounter         0xad1    0xe  Code  Lc  ti_msp_dl_config.o [2]
DL_UART_enable                0xb31   0x10  Code  Lc  ti_msp_dl_config.o [2]
DL_UART_enableInterrupt
                              0xb8d    0xc  Code  Lc  ti_msp_dl_config.o [2]
DL_UART_enablePower           0xb0d    0xa  Code  Lc  ti_msp_dl_config.o [2]
DL_UART_init                 0x170d   0x48  Code  Gb  dl_uart.o [7]
DL_UART_isRXFIFOEmpty        0x1f73    0xe  Code  Lc  tsp_isr.o [1]
DL_UART_receiveData          0x1f81    0x8  Code  Lc  tsp_isr.o [1]
DL_UART_reset                 0xb17    0x8  Code  Lc  ti_msp_dl_config.o [2]
DL_UART_setBaudRateDivisor
                              0xb53   0x30  Code  Lc  ti_msp_dl_config.o [2]
DL_UART_setClockConfig       0x1755   0x10  Code  Gb  dl_uart.o [7]
DL_UART_setOversampling
                              0xb41   0x12  Code  Lc  ti_msp_dl_config.o [2]
DMA_IRQHandler               0x1343    0x2  Code  Wk  startup_mspm0g351x_iar.o [5]
Default_Handler              0x1343    0x2  Code  Lc  startup_mspm0g351x_iar.o [5]
Enable_GPIOA_INT             0x1d91    0xa  Code  Gb  tsp_gpio.o [3]
FACTORYVALUE            0x2020'00bc    0x4  Data  Gb  dl_factoryregion.o [7]
GROUP0_IRQHandler            0x1343    0x2  Code  Wk  startup_mspm0g351x_iar.o [5]
GROUP1_IRQHandler            0x2057   0x74  Code  Gb  tsp_isr.o [1]
HardFault_Handler            0x1343    0x2  Code  Wk  startup_mspm0g351x_iar.o [5]
I2C0_IRQHandler              0x1343    0x2  Code  Wk  startup_mspm0g351x_iar.o [5]
I2C1_IRQHandler              0x1343    0x2  Code  Wk  startup_mspm0g351x_iar.o [5]
I2C2_IRQHandler              0x1343    0x2  Code  Wk  startup_mspm0g351x_iar.o [5]
LFSS_IRQHandler              0x1343    0x2  Code  Wk  startup_mspm0g351x_iar.o [5]
MPU6050ReadAcc               0x1c41   0x30  Code  Gb  TSP_MPU6050.o [3]
MPU6050ReadGyro              0x1c71   0x30  Code  Gb  TSP_MPU6050.o [3]
MPU6050ReadID                0x1b9d   0x1e  Code  Gb  TSP_MPU6050.o [3]
MPU6050_Init                 0x1bd1   0x70  Code  Gb  TSP_MPU6050.o [3]
MPU6050_ReadData             0x1b8d    0xe  Code  Gb  TSP_MPU6050.o [3]
MPU6050_ReadReg              0x1b79   0x14  Code  Gb  TSP_MPU6050.o [3]
MPU6050_WriteReg             0x1b69   0x10  Code  Gb  TSP_MPU6050.o [3]
NMI_Handler                  0x1343    0x2  Code  Wk  startup_mspm0g351x_iar.o [5]
PendSV_Handler               0x1343    0x2  Code  Wk  startup_mspm0g351x_iar.o [5]
RES_value               0x2020'040a    0x1  Data  Gb  TSP3519.o [4]
Region$$Table$$Base          0x3fe0          --   Gb  - Linker created -
Region$$Table$$Limit         0x4000          --   Gb  - Linker created -
Reset_Handler                0x3f9b    0x8  Code  Wk  startup_mspm0g351x_iar.o [5]
SPI0_IRQHandler              0x1343    0x2  Code  Wk  startup_mspm0g351x_iar.o [5]
SPI1_IRQHandler              0x1343    0x2  Code  Wk  startup_mspm0g351x_iar.o [5]
SPI2_IRQHandler              0x1343    0x2  Code  Wk  startup_mspm0g351x_iar.o [5]
SVC_Handler                  0x1343    0x2  Code  Wk  startup_mspm0g351x_iar.o [5]
SYSCFG_DL_BATTERY_init       0x12cd   0x5c  Code  Wk  ti_msp_dl_config.o [2]
SYSCFG_DL_CCD_init           0x123d   0x90  Code  Wk  ti_msp_dl_config.o [2]
SYSCFG_DL_GPIO_init           0xd25  0x21c  Code  Wk  ti_msp_dl_config.o [2]
SYSCFG_DL_K230_init          0x11bd   0x44  Code  Wk  ti_msp_dl_config.o [2]
SYSCFG_DL_LCD_init           0x1201   0x3c  Code  Wk  ti_msp_dl_config.o [2]
SYSCFG_DL_MPU6050_init       0x116d   0x50  Code  Wk  ti_msp_dl_config.o [2]
SYSCFG_DL_Motor_init         0x1009   0xcc  Code  Wk  ti_msp_dl_config.o [2]
SYSCFG_DL_QEI_1_init         0x10d5   0x4c  Code  Wk  ti_msp_dl_config.o [2]
SYSCFG_DL_QEI_2_init         0x1121   0x4c  Code  Wk  ti_msp_dl_config.o [2]
SYSCFG_DL_SYSCTL_init         0xf41   0x40  Code  Wk  ti_msp_dl_config.o [2]
SYSCFG_DL_SYSTICK_init       0x1329   0x10  Code  Wk  ti_msp_dl_config.o [2]
SYSCFG_DL_Servo_init          0xf81   0x88  Code  Wk  ti_msp_dl_config.o [2]
SYSCFG_DL_init                0xc01   0x54  Code  Wk  ti_msp_dl_config.o [2]
SYSCFG_DL_initPower           0xc55   0xd0  Code  Wk  ti_msp_dl_config.o [2]
Scroll                  0x2020'0000    0x1  Data  Gb  tsp_menu.o [1]
SysTick_Config                0x7d9   0x2e  Code  Lc  ti_msp_dl_config.o [2]
SysTick_Handler              0x1f95   0x66  Code  Gb  tsp_isr.o [1]
TIMA0_IRQHandler             0x1343    0x2  Code  Wk  startup_mspm0g351x_iar.o [5]
TIMA1_IRQHandler             0x1343    0x2  Code  Wk  startup_mspm0g351x_iar.o [5]
TIMG0_IRQHandler             0x1343    0x2  Code  Wk  startup_mspm0g351x_iar.o [5]
TIMG12_IRQHandler            0x1343    0x2  Code  Wk  startup_mspm0g351x_iar.o [5]
TIMG14_IRQHandler            0x1343    0x2  Code  Wk  startup_mspm0g351x_iar.o [5]
TIMG6_IRQHandler             0x1343    0x2  Code  Wk  startup_mspm0g351x_iar.o [5]
TIMG7_IRQHandler             0x1343    0x2  Code  Wk  startup_mspm0g351x_iar.o [5]
TIMG8_IRQHandler             0x1343    0x2  Code  Wk  startup_mspm0g351x_iar.o [5]
TIMG9_IRQHandler             0x1343    0x2  Code  Wk  startup_mspm0g351x_iar.o [5]
TSP_QEI1_GetCount            0x37a9   0x10  Code  Gb  tsp_qei.o [3]
TSP_QEI2_GetCount            0x37b9   0x10  Code  Gb  tsp_qei.o [3]
UART0_IRQHandler             0x1343    0x2  Code  Wk  startup_mspm0g351x_iar.o [5]
UART1_IRQHandler             0x1343    0x2  Code  Wk  startup_mspm0g351x_iar.o [5]
UART3_IRQHandler             0x1343    0x2  Code  Wk  startup_mspm0g351x_iar.o [5]
UART4_IRQHandler             0x1343    0x2  Code  Wk  startup_mspm0g351x_iar.o [5]
UART5_IRQHandler             0x1343    0x2  Code  Wk  startup_mspm0g351x_iar.o [5]
UART6_IRQHandler             0x200d   0x4a  Code  Gb  tsp_isr.o [1]
UART7_IRQHandler             0x1343    0x2  Code  Wk  startup_mspm0g351x_iar.o [5]
_LC                          0x2739    0x8  Code  Lc  xprintffull_nomb.o [6]
_LitobFullNoMb               0x3519  0x124  Code  Lc  xprintffull_nomb.o [6]
_Locale_lconv           0x2020'00c0   0x38  Data  Lc  xlocale_c.o [6]
_PrintfFullNoMb              0x2741  0xdd8  Code  Gb  xprintffull_nomb.o [6]
_PutcharsFullNoMb            0x3689   0x36  Code  Lc  xprintffull_nomb.o [6]
_SProut                      0x1d9b    0xa  Code  Gb  xsprout.o [6]
__NVIC_EnableIRQ             0x1da5   0x12  Code  Lc  tsp_battery.o [3]
__NVIC_EnableIRQ             0x1d79   0x12  Code  Lc  tsp_gpio.o [3]
__NVIC_EnableIRQ             0x1d59   0x12  Code  Lc  tsp_uart.o [3]
__NVIC_SetPriority            0x795   0x44  Code  Lc  ti_msp_dl_config.o [2]
__aeabi_cdcmple              0x38d1         Code  Gb  DblCmpLe.o [8]
__aeabi_cdrcmple             0x3903         Code  Gb  DblCmpGe.o [8]
__aeabi_d2iz                 0x39a5         Code  Gb  DblToI32.o [8]
__aeabi_d2uiz                0x39c9         Code  Gb  DblToI32.o [8]
__aeabi_ddiv                 0x3bd5         Code  Gb  DblDiv.o [8]
__aeabi_dmul                 0x3c97         Code  Gb  DblMul.o [8]
__aeabi_dsub                 0x3ae7         Code  Gb  DblAddSub.o [8]
__aeabi_f2d                  0x1e85         Code  Gb  FltToDbl.o [8]
__aeabi_fadd                 0x24c3         Code  Gb  FltAddSub.o [8]
__aeabi_fdiv                 0x25e3         Code  Gb  FltDiv.o [8]
__aeabi_fmul                 0x2687         Code  Gb  FltMul.o [8]
__aeabi_fsub                 0x2533         Code  Gb  FltAddSub.o [8]
__aeabi_i2d                  0x3a19         Code  Gb  IxxToDbl.o [8]
__aeabi_i2f                  0x24ad         Code  Gb  IxxToFlt.o [8]
__aeabi_idiv                 0x36eb         Code  Gb  I32DivModFast.o [9]
__aeabi_idiv0                0x3ea5         Code  Gb  IntDivZer.o [9]
__aeabi_idivmod              0x36eb         Code  Gb  I32DivModFast.o [9]
__aeabi_ldiv0                0x3eb1         Code  Gb  I64DivZer.o [9]
__aeabi_memcpy               0x388d         Code  Gb  ABImemcpy.o [9]
__aeabi_memcpy4              0x3859         Code  Gb  ABImemcpy.o [9]
__aeabi_memcpy8              0x3859         Code  Gb  ABImemcpy.o [9]
__aeabi_ui2d                 0x39f9         Code  Gb  IxxToDbl.o [8]
__aeabi_ui2f                 0x248d         Code  Gb  IxxToFlt.o [8]
__aeabi_uidiv                0x36f1         Code  Gb  I32DivModFast.o [9]
__aeabi_uidivmod             0x36f1         Code  Gb  I32DivModFast.o [9]
__aeabi_uldivmod             0x3e29         Code  Gb  I64DivMod.o [9]
__cmain                      0x3f3d         Code  Gb  cmain.o [9]
__exit                       0x3eb5   0x14  Code  Gb  exit.o [10]
__iar_Fail_s                 0x37e9   0x22  Code  Gb  xfail_s.o [6]
__iar_Memchr                 0x3841         Code  Gb  memchr.o [9]
__iar_Memcpy                 0x3899         Code  Gb  ABImemcpy.o [9]
__iar_Strchr                 0x37d5         Code  Gb  strchr.o [9]
__iar_d2uiz                  0x39cd         Code  Gb  DblToI32.o [8]
__iar_data_init3             0x3f61   0x28  Code  Gb  data_init.o [9]
__iar_frexp                  0x38b3         Code  Gb  frexp.o [8]
__iar_frexp64                0x38a7         Code  Gb  frexp.o [8]
__iar_frexpl                 0x38b3         Code  Gb  frexp.o [8]
__iar_ldexp64                0x3935         Code  Gb  ldexp.o [8]
__iar_packbits_init_single3
                             0x1eb7   0x3e  Code  Gb  packbits_init_single.o [9]
__iar_program_start          0x3f21         Code  Gb  cstartup_M.o [9]
__iar_scalbln64              0x3935         Code  Gb  ldexp.o [8]
__iar_scalbn64               0x3935         Code  Gb  ldexp.o [8]
__iar_zero_init3             0x3fa3   0x3c  Code  Gb  zero_init3.o [9]
__low_level_init             0x3f5b    0x4  Code  Gb  low_level_init.o [6]
__vector_table                  0x0   0xc0  Data  Gb  startup_mspm0g351x_iar.o [5]
_call_main                   0x3f49         Code  Gb  cmain.o [9]
_exit                        0x3f91         Code  Gb  cexit.o [9]
abort                        0x3ea7    0xa  Code  Gb  abort.o [6]
acc_bias                0x2020'00b0    0xc  Data  Lc  TSP_MPU6050.o [3]
acc_bias_update              0x1d05   0x46  Code  Gb  TSP_MPU6050.o [3]
change                  0x2020'0001    0x1  Data  Gb  tsp_menu.o [1]
count_20ms              0x2020'03fa    0x2  Data  Gb  TSP3519.o [4]
delay                   0x2020'03f0    0x4  Data  Lc  tsp_isr.o [1]
delay_1ms                    0x1f89    0xc  Code  Gb  tsp_isr.o [1]
encoder_pulse_qei1      0x2020'0400    0x2  Data  Gb  tsp_qei.o [3]
encoder_pulse_qei2      0x2020'0402    0x2  Data  Gb  tsp_qei.o [3]
encoder_speed_motor1    0x2020'0404    0x2  Data  Gb  tsp_qei.o [3]
encoder_speed_motor2    0x2020'0406    0x2  Data  Gb  tsp_qei.o [3]
exit                         0x3f89    0x8  Code  Gb  exit.o [6]
flag_20_ms              0x2020'0409    0x1  Data  Gb  TSP3519.o [4]
frexp                        0x38a7         Code  Gb  frexp.o [8]
frexpl                       0x38a7         Code  Gb  frexp.o [8]
gBATTERYClockConfig           0x130    0x8  Data  Lc  ti_msp_dl_config.o [2]
gCCDClockConfig               0x128    0x8  Data  Lc  ti_msp_dl_config.o [2]
gK230ClockConfig              0x10a    0x2  Data  Lc  ti_msp_dl_config.o [2]
gK230Config                   0x10c    0xc  Data  Lc  ti_msp_dl_config.o [2]
gLCDBackup              0x2020'02f4   0x28  Data  Gb  ti_msp_dl_config.o [2]
gLCD_clockConfig              0x124    0x2  Data  Lc  ti_msp_dl_config.o [2]
gLCD_config                   0x118    0xc  Data  Lc  ti_msp_dl_config.o [2]
gMPU6050ClockConfig           0x108    0x2  Data  Lc  ti_msp_dl_config.o [2]
gMotorBackup            0x2020'00f8   0xbc  Data  Gb  ti_msp_dl_config.o [2]
gMotorClockConfig              0xf4    0x4  Data  Lc  ti_msp_dl_config.o [2]
gMotorConfig                   0xf8    0x8  Data  Lc  ti_msp_dl_config.o [2]
gQEI_1ClockConfig             0x100    0x4  Data  Lc  ti_msp_dl_config.o [2]
gQEI_2Backup            0x2020'0254   0xa0  Data  Gb  ti_msp_dl_config.o [2]
gQEI_2ClockConfig             0x104    0x4  Data  Lc  ti_msp_dl_config.o [2]
gSYSPLLConfig                  0xc0   0x28  Data  Lc  ti_msp_dl_config.o [2]
gServoBackup            0x2020'01b4   0xa0  Data  Gb  ti_msp_dl_config.o [2]
gServoClockConfig              0xe8    0x4  Data  Lc  ti_msp_dl_config.o [2]
gServoConfig                   0xec    0x8  Data  Lc  ti_msp_dl_config.o [2]
gyro_bias               0x2020'00a4    0xc  Data  Lc  TSP_MPU6050.o [3]
gyro_bias_update             0x1ca1   0x64  Code  Gb  TSP_MPU6050.o [3]
ldexp                        0x3935         Code  Gb  ldexp.o [8]
ldexpl                       0x3935         Code  Gb  ldexp.o [8]
localeconv                   0x3e1d    0x4  Code  Gb  xlocale_c.o [6]
main                         0x18ad   0x2c  Code  Gb  TSP3519.o [4]
memchr                       0x3841         Code  Gb  memchr.o [9]
menu_item0              0x2020'0004   0xa0  Data  Gb  tsp_menu.o [1]
mspm0_get_clock_ms           0x1ffb   0x12  Code  Gb  tsp_isr.o [1]
mspm0_i2c_disable            0x221d   0x3a  Code  Gb  tsp_i2c.o [3]
mspm0_i2c_enable             0x2257   0x4c  Code  Gb  tsp_i2c.o [3]
mspm0_i2c_read               0x2375   0xce  Code  Gb  tsp_i2c.o [3]
mspm0_i2c_sda_unlock         0x22a3   0x46  Code  Gb  tsp_i2c.o [3]
mspm0_i2c_write              0x22e9   0x84  Code  Gb  tsp_i2c.o [3]
qei1_direction          0x2020'03e0    0x1  Data  Lc  tsp_qei.o [3]
qei1_last_count         0x2020'03e4    0x4  Data  Lc  tsp_qei.o [3]
qei2_direction          0x2020'03e1    0x1  Data  Lc  tsp_qei.o [3]
qei2_last_count         0x2020'03e8    0x4  Data  Lc  tsp_qei.o [3]
rx_buffer               0x2020'031c   0x80  Data  Gb  TSP3519.o [4]
rx_flag                 0x2020'0408    0x1  Data  Gb  TSP3519.o [4]
rx_idx                  0x2020'03f8    0x2  Data  Gb  TSP3519.o [4]
scalbln                      0x3935         Code  Gb  ldexp.o [8]
scalblnl                     0x3935         Code  Gb  ldexp.o [8]
scalbn                       0x3935         Code  Gb  ldexp.o [8]
scalbnl                      0x3935         Code  Gb  ldexp.o [8]
scale                        0x363d   0x44  Code  Lc  xprintffull_nomb.o [6]
sec_hand                0x2020'03f4    0x4  Data  Lc  xfail_s.o [6]
sprintf                      0x1ef5   0x40  Code  Gb  sprintf.o [6]
strchr                       0x37d5         Code  Gb  strchr.o [9]
strlen                       0x3831         Code  Gb  strlen.o [9]
sys_tick_counter        0x2020'03ec    0x4  Data  Gb  tsp_isr.o [1]
tft_ascii                     0x138  0x5f0  Data  Gb  TSP_TFT18.o [3]
tsp_battery_voltage          0x1e03   0x44  Code  Gb  tsp_battery.o [3]
tsp_spi_write_byte           0x19fd   0x14  Code  Lc  TSP_TFT18.o [3]
tsp_tft18_clear              0x1a93   0x36  Code  Gb  TSP_TFT18.o [3]
tsp_tft18_init               0x18f7  0x106  Code  Gb  TSP_TFT18.o [3]
tsp_tft18_set_region         0x1a5d   0x36  Code  Gb  TSP_TFT18.o [3]
tsp_tft18_show_char          0x1ac9   0x5a  Code  Gb  TSP_TFT18.o [3]
tsp_tft18_show_str           0x1b41   0x28  Code  Gb  TSP_TFT18.o [3]
tsp_tft18_write_2byte        0x1a3d   0x20  Code  Gb  TSP_TFT18.o [3]
tsp_tft18_write_byte         0x1a27   0x16  Code  Gb  TSP_TFT18.o [3]
tsp_tft18_write_cmd          0x1a11   0x16  Code  Gb  TSP_TFT18.o [3]
tsp_uart6_init               0x1d6b    0xa  Code  Gb  tsp_uart.o [3]


[1] = D:\Documents\nuedc\TSP-main_clearing_up\TSP-main\TSP3519\iar\Debug\Obj\NUEDU2025_11847588325976546582.dir
[2] = D:\Documents\nuedc\TSP-main_clearing_up\TSP-main\TSP3519\iar\Debug\Obj\SysConfig Generated Files_5435349133262493662.dir
[3] = D:\Documents\nuedc\TSP-main_clearing_up\TSP-main\TSP3519\iar\Debug\Obj\TSP3519_9401757970942732151.dir
[4] = D:\Documents\nuedc\TSP-main_clearing_up\TSP-main\TSP3519\iar\Debug\Obj\empty_mspm0g3519_13168490636323535303.dir
[5] = D:\Documents\nuedc\TSP-main_clearing_up\TSP-main\TSP3519\iar\Debug\Obj\iar_102420246905159791.dir
[6] = dl6M_tlf.a
[7] = driverlib.a
[8] = m6M_tl.a
[9] = rt6M_tl.a
[10] = shb_l.a

  14'409 bytes of readonly  code memory
   2'088 bytes of readonly  data memory
   1'547 bytes of readwrite data memory

Errors: none
Warnings: none
