###############################################################################
#
# IAR ELF Linker V9.60.3.422/W64 for ARM                  29/Jul/2025  19:31:08
# Copyright 2007-2024 IAR Systems AB.
#
#    Output file  =
#        D:\Documents\nuedc\TSP-main_clearing_up\TSP-main\TSP3519\iar\Debug\Exe\empty_mspm0g3519_nortos_iar.out
#    Map file     =
#        D:\Documents\nuedc\TSP-main_clearing_up\TSP-main\TSP3519\iar\Debug\List\empty_mspm0g3519_nortos_iar.map
#    Command line =
#        -f
#        D:\Documents\nuedc\TSP-main_clearing_up\TSP-main\TSP3519\iar\Debug\Exe\empty_mspm0g3519_nortos_iar.out.rsp
#        (D:\Documents\nuedc\TSP-main_clearing_up\TSP-main\TSP3519\iar\Debug\Obj\NUEDU2025_11847588325976546582.dir\Kalman.o
#        D:\Documents\nuedc\TSP-main_clearing_up\TSP-main\TSP3519\iar\Debug\Obj\iar_102420246905159791.dir\startup_mspm0g351x_iar.o
#        "D:\Documents\nuedc\TSP-main_clearing_up\TSP-main\TSP3519\iar\Debug\Obj\SysConfig
#        Generated Files_5435349133262493662.dir\ti_msp_dl_config.o"
#        D:\Documents\nuedc\TSP-main_clearing_up\TSP-main\TSP3519\iar\Debug\Obj\empty_mspm0g3519_13168490636323535303.dir\TSP3519.o
#        D:\Documents\nuedc\TSP-main_clearing_up\TSP-main\TSP3519\iar\Debug\Obj\TSP3519_9401757970942732151.dir\tsp_adc.o
#        D:\Documents\nuedc\TSP-main_clearing_up\TSP-main\TSP3519\iar\Debug\Obj\TSP3519_9401757970942732151.dir\tsp_battery.o
#        D:\Documents\nuedc\TSP-main_clearing_up\TSP-main\TSP3519\iar\Debug\Obj\TSP3519_9401757970942732151.dir\TSP_CCD.o
#        D:\Documents\nuedc\TSP-main_clearing_up\TSP-main\TSP3519\iar\Debug\Obj\NUEDU2025_11847588325976546582.dir\tsp_ccd_image.o
#        D:\Documents\nuedc\TSP-main_clearing_up\TSP-main\TSP3519\iar\Debug\Obj\TSP3519_9401757970942732151.dir\tsp_gpio.o
#        D:\Documents\nuedc\TSP-main_clearing_up\TSP-main\TSP3519\iar\Debug\Obj\TSP3519_9401757970942732151.dir\tsp_i2c.o
#        D:\Documents\nuedc\TSP-main_clearing_up\TSP-main\TSP3519\iar\Debug\Obj\NUEDU2025_11847588325976546582.dir\tsp_isr.o
#        D:\Documents\nuedc\TSP-main_clearing_up\TSP-main\TSP3519\iar\Debug\Obj\NUEDU2025_11847588325976546582.dir\tsp_menu.o
#        D:\Documents\nuedc\TSP-main_clearing_up\TSP-main\TSP3519\iar\Debug\Obj\NUEDU2025_11847588325976546582.dir\tsp_motor.o
#        D:\Documents\nuedc\TSP-main_clearing_up\TSP-main\TSP3519\iar\Debug\Obj\TSP3519_9401757970942732151.dir\TSP_MPU6050.o
#        D:\Documents\nuedc\TSP-main_clearing_up\TSP-main\TSP3519\iar\Debug\Obj\NUEDU2025_11847588325976546582.dir\tsp_pid.o
#        D:\Documents\nuedc\TSP-main_clearing_up\TSP-main\TSP3519\iar\Debug\Obj\TSP3519_9401757970942732151.dir\tsp_pwm.o
#        D:\Documents\nuedc\TSP-main_clearing_up\TSP-main\TSP3519\iar\Debug\Obj\TSP3519_9401757970942732151.dir\tsp_qei.o
#        D:\Documents\nuedc\TSP-main_clearing_up\TSP-main\TSP3519\iar\Debug\Obj\NUEDU2025_11847588325976546582.dir\tsp_servo.o
#        D:\Documents\nuedc\TSP-main_clearing_up\TSP-main\TSP3519\iar\Debug\Obj\TSP3519_9401757970942732151.dir\TSP_TFT18.o
#        D:\Documents\nuedc\TSP-main_clearing_up\TSP-main\TSP3519\iar\Debug\Obj\TSP3519_9401757970942732151.dir\tsp_uart.o
#        --redirect _Printf=_PrintfFullNoMb --redirect _Scanf=_ScanfFullNoMb
#        --no_out_extension -o
#        D:\Documents\nuedc\TSP-main_clearing_up\TSP-main\TSP3519\iar\Debug\Exe\empty_mspm0g3519_nortos_iar.out
#        --map
#        D:\Documents\nuedc\TSP-main_clearing_up\TSP-main\TSP3519\iar\Debug\List\empty_mspm0g3519_nortos_iar.map
#        --config
#        D:\Documents\nuedc\TSP-main_clearing_up\TSP-main\TSP3519\iar/mspm0g3519.icf
#        C:\ti\mspm0_sdk_2_05_01_00/source/ti/driverlib/lib/iar/m0p/mspm0gx51x/driverlib.a
#        --silent --semihosting --entry __iar_program_start --vfe --text_out
#        locale --cpu=Cortex-M0+ --fpu=None) --dependencies=n
#        D:\Documents\nuedc\TSP-main_clearing_up\TSP-main\TSP3519\iar\Debug\Exe\empty_mspm0g3519_nortos_iar.out.iar_deps
#
###############################################################################

*******************************************************************************
*** RUNTIME MODEL ATTRIBUTES
***

CppFlavor       = *
__CPP_Runtime   = 1
__SystemLibrary = DLib
__dlib_version  = 6


*******************************************************************************
*** HEAP SELECTION
***

The basic heap was selected because no calls to memory allocation
functions were found in the application outside of system library
functions, there are calls to deallocation functions in the
application, and the application appears to be primarily
optimized for speed.


*******************************************************************************
*** PLACEMENT SUMMARY
***

"A0":  place at address 0x0 { ro section .intvec };
define block ALIGNED_ROM with end alignment = 8 { ro };
"P1":  place in [from 0x0 to 0x7'ffff] { block ALIGNED_ROM };
define block CSTACK with size = 512, alignment = 8 { };
define block PROC_STACK with size = 0, alignment = 8 { };
define block TRIM_TABLE with alignment = 8 { rw code section .TrimTable };
define block HEAP with size = 1K, alignment = 8 { };
"P2":  place in [from 0x2020'0000 to 0x2020'ffff] {
          rw, block CSTACK, block PROC_STACK, block TRIM_TABLE, block HEAP };
initialize by copy { rw };

No sections matched the following patterns:

  rw code section .TrimTable  in block TRIM_TABLE
  section BCRCONFIG           in "P3"
  section BSLCONFIG           in "P4"
  section DataBank            in "P5"


  Section              Kind         Address  Alignment    Size  Object
  -------              ----         -------  ---------    ----  ------
"A0":                                                     0xc0
  .intvec              const            0x0          4    0xc0  startup_mspm0g351x_iar.o [5]
                                     - 0xc0               0xc0

"P1":                                                   0x76f0
  ALIGNED_ROM                          0xc0             0x76f0  <Block>
    .rodata            const           0xc0          8    0x48  strto64.o [8]
    .rodata            const          0x108          4    0x28  ti_msp_dl_config.o [2]
    .rodata            const          0x130          4    0x50  ti_msp_dl_config.o [2]
    .rodata            const          0x180          4    0x2c  TSP3519.o [4]
    .rodata            const          0x1ac          4    0x64  tsp_menu.o [1]
    .rodata            const          0x210          4   0x5f0  TSP_TFT18.o [3]
    .rodata            const          0x800          4    0x6a  xprintffull_nomb.o [6]
    .rodata            const          0x86a          2     0x2  xlocale_c.o [6]
    .rodata            const          0x86c          4    0x24  xscanffull_nomb.o [6]
    .rodata            const          0x890          4    0x28  xscanffull_nomb.o [6]
    .rodata            const          0x8b8          4    0x2c  xscanffull_nomb.o [6]
    .rodata            const          0x8e4          4    0x50  iar_Stoullx.o [6]
    .text              ro code        0x934          4   0x46c  ti_msp_dl_config.o [2]
    .text              ro code        0xda0          4    0x54  ti_msp_dl_config.o [2]
    .text              ro code        0xdf4          4    0xd0  ti_msp_dl_config.o [2]
    .text              ro code        0xec4          4   0x21c  ti_msp_dl_config.o [2]
    .text              ro code       0x10e0          4    0x40  ti_msp_dl_config.o [2]
    .text              ro code       0x1120          4    0x88  ti_msp_dl_config.o [2]
    .text              ro code       0x11a8          4    0xcc  ti_msp_dl_config.o [2]
    .text              ro code       0x1274          4    0x4c  ti_msp_dl_config.o [2]
    .text              ro code       0x12c0          4    0x4c  ti_msp_dl_config.o [2]
    .text              ro code       0x130c          4    0x50  ti_msp_dl_config.o [2]
    .text              ro code       0x135c          4    0x44  ti_msp_dl_config.o [2]
    .text              ro code       0x13a0          4    0x3c  ti_msp_dl_config.o [2]
    .text              ro code       0x13dc          4    0x90  ti_msp_dl_config.o [2]
    .text              ro code       0x146c          4    0x5c  ti_msp_dl_config.o [2]
    .text              ro code       0x14c8          4    0x10  ti_msp_dl_config.o [2]
    .text              ro code       0x14d8          4     0xa  dl_common.o [7]
    .rodata            const         0x14e2          2     0x2  xlocale_c.o [6]
    .text              ro code       0x14e4          4   0x184  dl_sysctl_mspm0gx51x.o [7]
    .text              ro code       0x1668          4   0x17c  dl_timer.o [7]
    .text              ro code       0x17e4          4    0xc8  dl_i2c.o [7]
    .text              ro code       0x18ac          4    0x60  dl_uart.o [7]
    .text              ro code       0x190c          4    0x84  dl_spi.o [7]
    .text              ro code       0x1990          4    0x4c  dl_adc12.o [7]
    .text              ro code       0x19dc          4    0x58  dl_factoryregion.o [7]
    .text              ro code       0x1a34          4   0x4bc  TSP3519.o [4]
    .text              ro code       0x1ef0          4   0x52c  TSP_TFT18.o [3]
    .text              ro code       0x241c          4   0x1f0  TSP_MPU6050.o [3]
    .text              ro code       0x260c          4    0x20  tsp_uart.o [3]
    .text              ro code       0x262c          4    0x22  tsp_gpio.o [3]
    .text              ro code       0x264e          2     0x2  startup_mspm0g351x_iar.o [5]
    .text              ro code       0x2650          4    0xe0  tsp_battery.o [3]
    .text              ro code       0x2730          4   0x17c  tsp_pwm.o [3]
    .text              ro code       0x28ac          4    0x28  sscanf.o [6]
    .text              ro code       0x28d4          4    0x36  IxxToFlt.o [8]
    .text              ro code       0x290a          2    0xb0  FltMul.o [8]
    .text              ro code       0x29ba          2   0x120  FltAddSub.o [8]
    .text              ro code       0x2ada          2     0xa  xsprout.o [6]
    .text              ro code       0x2ae4          4   0x188  tsp_pid.o [1]
    .text              ro code       0x2c6c          4    0x32  FltToDbl.o [8]
    .text              ro code       0x2c9e          2    0x32  DblCmpLe.o [8]
    .text              ro code       0x2cd0          4    0x28  FltCmpGe.o [8]
    .text              ro code       0x2cf8          4    0x40  sprintf.o [6]
    .text              ro code       0x2d38          2    0xe0  I32DivModFast.o [9]
    .text              ro code       0x2e18          4    0x34  IxxToDbl.o [8]
    .text              ro code       0x2e4c          4   0x1f0  tsp_isr.o [1]
    .text              ro code       0x303c          4    0x88  tsp_motor.o [1]
    .text              ro code       0x30c4          4   0x8bc  tsp_menu.o [1]
    .text              ro code       0x3980          4   0x374  TSP_CCD.o [3]
    .text              ro code       0x3cf4          4   0x248  tsp_ccd_image.o [1]
    .text              ro code       0x3f3c          4   0x364  tsp_i2c.o [3]
    .text              ro code       0x42a0          2    0xa4  FltDiv.o [8]
    .text              ro code       0x4344          4    0xe8  tsp_qei.o [3]
    .text              ro code       0x442c          4   0xe5c  xscanffull_nomb.o [6]
    .text              ro code       0x5288          4    0x3a  FltToS32.o [8]
    .text              ro code       0x52c2          2    0x22  xsscin.o [6]
    .text              ro code       0x52e4          4    0x26  FltCmpLe.o [8]
    .rodata            const         0x530a                0x1  xlocale_c.o [6]
    .text              ro code       0x530c          4   0xf86  xprintffull_nomb.o [6]
    .text              ro code       0x6294          4     0x2  IntDivZer.o [9]
    .text              ro code       0x6296          2   0x1b4  DblAddSub.o [8]
    .text              ro code       0x644a          2    0x62  DblToFlt.o [8]
    .text              ro code       0x64ac          4    0xb4  tsp_adc.o [3]
    .text              ro code       0x6560          2   0x184  DblMul.o [8]
    .text              ro code       0x66e4          2    0xc2  DblDiv.o [8]
    .text              ro code       0x67a8          4    0x52  DblToI32.o [8]
    .text              ro code       0x67fa          2    0x12  isspace.o [6]
    .text              ro code       0x680c          4    0x12  strchr.o [9]
    .text              ro code       0x681e          2    0x12  isalpha.o [6]
    .text              ro code       0x6830          4    0x50  xlocale_c.o [6]
    .text              ro code       0x6880          4   0x330  strto64.o [8]
    .text              ro code       0x6bb0          2    0x70  ldexp.o [8]
    .text              ro code       0x6c20          4   0x1a6  iar_Stoullx.o [6]
    .text              ro code       0x6dc6          2    0xb2  iar_Stollx.o [6]
    .text              ro code       0x6e78          4    0x48  xfail_s.o [6]
    .text              ro code       0x6ec0          4    0x16  memchr.o [9]
    .text              ro code       0x6ed8          4     0xe  strlen.o [9]
    .text              ro code       0x6ee8          4    0x4e  ABImemcpy.o [9]
    .text              ro code       0x6f36          2    0x2a  frexp.o [8]
    .text              ro code       0x6f60          2    0x32  DblCmpGe.o [8]
    .text              ro code       0x6f92          2    0x7c  I64DivMod.o [9]
    .text              ro code       0x700e          2   0x118  iar_Stopfx.o [6]
    .text              ro code       0x7128          4   0x1d4  iar_Stoflt.o [6]
    .text              ro code       0x72fc          4   0x234  iar_Stoxflt.o [6]
    .text              ro code       0x7530          4    0x32  I64Mul.o [9]
    .text              ro code       0x7562          2    0x12  tolower.o [6]
    .text              ro code       0x7574          2     0xa  abort.o [6]
    .text              ro code       0x7580          4     0x2  I64DivZer.o [9]
    .text              ro code       0x7584          4    0x14  exit.o [10]
    .text              ro code       0x7598          4    0x1c  cstartup_M.o [9]
    .text              ro code       0x75b4          4    0x1e  cmain.o [9]
    .text              ro code       0x75d2          2     0x4  low_level_init.o [6]
    .text              ro code       0x75d8          4    0x28  data_init.o [9]
    .text              ro code       0x7600          2     0x8  exit.o [6]
    .text              ro code       0x7608          4     0xa  cexit.o [9]
    .text              ro code       0x7612          2     0x8  startup_mspm0g351x_iar.o [5]
    .text              ro code       0x761a          2    0x3c  zero_init3.o [9]
    .text              ro code       0x7656          2    0x80  lz77_init_single.o [9]
    .iar.init_table    const         0x76d8          4    0x20  - Linker created -
    .rodata            const         0x76f8                0x0  zero_init3.o [9]
    .rodata            const         0x76f8                0x0  lz77_init_single.o [9]
    Initializer bytes  const         0x76f8               0xb2  <for P2-1>
                                   - 0x77b0             0x76f0

"P2", part 1 of 3:                                       0x224
  P2-1                          0x2020'0000              0x224  <Init block>
    .data              inited   0x2020'0000          4    0xcc  TSP3519.o [4]
    .data              inited   0x2020'00cc          4    0xa4  tsp_menu.o [1]
    .data              inited   0x2020'0170          4     0xc  TSP_MPU6050.o [3]
    .data              inited   0x2020'017c          4     0xc  TSP_MPU6050.o [3]
    .data              inited   0x2020'0188          4     0x4  tsp_pid.o [1]
    .data              inited   0x2020'018c          4     0xc  tsp_pid.o [1]
    .data              inited   0x2020'0198          4     0x8  tsp_servo.o [1]
    .data              inited   0x2020'01a0          4     0x4  dl_factoryregion.o [7]
    .data              inited   0x2020'01a4          4    0x38  xlocale_c.o [6]
    .data              inited   0x2020'01dc          4    0x48  xlocale_c.o [6]
                              - 0x2020'0224              0x224

"P2", part 2 of 3:                                       0x8cc
  .bss                 zero     0x2020'0224          4   0x400  tsp_ccd_image.o [1]
  .bss                 zero     0x2020'0624          4   0x224  ti_msp_dl_config.o [2]
  .bss                 zero     0x2020'0848          4   0x104  TSP_CCD.o [3]
  .bss                 zero     0x2020'094c          4   0x100  TSP_CCD.o [3]
  .TrimTable           zero     0x2020'0a4c          4    0x44  dl_factoryregion.o [7]
  .bss                 zero     0x2020'0a90          4    0x24  tsp_motor.o [1]
  .bss                 zero     0x2020'0ab4          4     0xc  tsp_qei.o [3]
  .bss                 zero     0x2020'0ac0          4     0x8  tsp_isr.o [1]
  .bss                 zero     0x2020'0ac8          4     0x8  tsp_pid.o [1]
  .bss                 zero     0x2020'0ad0          4     0x4  tsp_pid.o [1]
  .bss                 zero     0x2020'0ad4          4     0x4  tsp_pid.o [1]
  .bss                 zero     0x2020'0ad8          4     0x4  xfail_s.o [6]
  .bss                 zero     0x2020'0adc          2     0x2  TSP3519.o [4]
  .bss                 zero     0x2020'0ade                0x2  tsp_adc.o [3]
  .bss                 zero     0x2020'0ae0          2     0x2  tsp_battery.o [3]
  .bss                 zero     0x2020'0ae2          2     0x2  tsp_qei.o [3]
  .bss                 zero     0x2020'0ae4          2     0x2  tsp_qei.o [3]
  .bss                 zero     0x2020'0ae6          2     0x2  tsp_qei.o [3]
  .bss                 zero     0x2020'0ae8          2     0x2  tsp_qei.o [3]
  .bss                 zero     0x2020'0aea                0x1  TSP3519.o [4]
  .bss                 zero     0x2020'0aeb                0x1  TSP3519.o [4]
  .bss                 zero     0x2020'0aec                0x1  TSP3519.o [4]
  .bss                 zero     0x2020'0aed                0x1  TSP3519.o [4]
  .bss                 zero     0x2020'0aee                0x1  tsp_isr.o [1]
                              - 0x2020'0aef              0x8cb

"P2", part 3 of 3:                                       0x200
  CSTACK                        0x2020'0af0          8   0x200  <Block>
    CSTACK             uninit   0x2020'0af0              0x200  <Block tail>
                              - 0x2020'0cf0              0x200

Unused ranges:

         From           To      Size
         ----           --      ----
       0x77b0     0x7'ffff  0x7'8850
  0x2020'0cf0  0x2020'ffff    0xf310


*******************************************************************************
*** INIT TABLE
***

          Address      Size
          -------      ----
Zero (__iar_zero_init3)
    1 destination range, total size 0x8cb:
          0x2020'0224  0x8cb

Copy/lz77 (__iar_lz77_init_single3)
    1 source range, total size 0xb2 (32% of destination):
               0x76f8   0xb2
    1 destination range, total size 0x224:
          0x2020'0000  0x224



*******************************************************************************
*** MODULE SUMMARY
***

    Module                    ro code  ro data  rw data
    ------                    -------  -------  -------
command line/config:
    ---------------------------------------------------
    Total:

D:\Documents\nuedc\TSP-main_clearing_up\TSP-main\TSP3519\iar\Debug\Obj\NUEDU2025_11847588325976546582.dir: [1]
    tsp_ccd_image.o               584             1'024
    tsp_isr.o                     496                 9
    tsp_menu.o                  2'236      153      164
    tsp_motor.o                   136                36
    tsp_pid.o                     392        5       32
    tsp_servo.o                              3        8
    ---------------------------------------------------
    Total:                      3'844      161    1'273

D:\Documents\nuedc\TSP-main_clearing_up\TSP-main\TSP3519\iar\Debug\Obj\SysConfig Generated Files_5435349133262493662.dir: [2]
    ti_msp_dl_config.o          2'980      120      548
    ---------------------------------------------------
    Total:                      2'980      120      548

D:\Documents\nuedc\TSP-main_clearing_up\TSP-main\TSP3519\iar\Debug\Obj\TSP3519_9401757970942732151.dir: [3]
    TSP_CCD.o                     884               516
    TSP_MPU6050.o                 496        8       24
    TSP_TFT18.o                 1'324    1'520
    tsp_adc.o                     180                 2
    tsp_battery.o                 224                 2
    tsp_gpio.o                     34
    tsp_i2c.o                     868
    tsp_pwm.o                     380
    tsp_qei.o                     232                20
    tsp_uart.o                     32
    ---------------------------------------------------
    Total:                      4'654    1'528      564

D:\Documents\nuedc\TSP-main_clearing_up\TSP-main\TSP3519\iar\Debug\Obj\empty_mspm0g3519_13168490636323535303.dir: [4]
    TSP3519.o                   1'212      110      210
    ---------------------------------------------------
    Total:                      1'212      110      210

D:\Documents\nuedc\TSP-main_clearing_up\TSP-main\TSP3519\iar\Debug\Obj\iar_102420246905159791.dir: [5]
    startup_mspm0g351x_iar.o       10      192
    ---------------------------------------------------
    Total:                         10      192

dl6M_tlf.a: [6]
    abort.o                        10
    exit.o                          8
    iar_Stoflt.o                  468
    iar_Stollx.o                  178
    iar_Stopfx.o                  280
    iar_Stoullx.o                 422       80
    iar_Stoxflt.o                 564
    isalpha.o                      18
    isspace.o                      18
    low_level_init.o                4
    sprintf.o                      64
    sscanf.o                       40
    tolower.o                      18
    xfail_s.o                      72                 4
    xlocale_c.o                    80       47      128
    xprintffull_nomb.o          3'974      106
    xscanffull_nomb.o           3'676      120
    xsprout.o                      10
    xsscin.o                       34
    ---------------------------------------------------
    Total:                      9'938      353      132

driverlib.a: [7]
    dl_adc12.o                     76
    dl_common.o                    10
    dl_factoryregion.o             88        1       72
    dl_i2c.o                      200
    dl_spi.o                      132
    dl_sysctl_mspm0gx51x.o        388
    dl_timer.o                    380
    dl_uart.o                      96
    ---------------------------------------------------
    Total:                      1'370        1       72

m6M_tl.a: [8]
    DblAddSub.o                   436
    DblCmpGe.o                     50
    DblCmpLe.o                     50
    DblDiv.o                      194
    DblMul.o                      388
    DblToFlt.o                     98
    DblToI32.o                     82
    FltAddSub.o                   288
    FltCmpGe.o                     40
    FltCmpLe.o                     38
    FltDiv.o                      164
    FltMul.o                      176
    FltToDbl.o                     50
    FltToS32.o                     58
    IxxToDbl.o                     52
    IxxToFlt.o                     54
    frexp.o                        42
    ldexp.o                       112
    strto64.o                     816       72
    ---------------------------------------------------
    Total:                      3'188       72

rt6M_tl.a: [9]
    ABImemcpy.o                    78
    I32DivModFast.o               224
    I64DivMod.o                   124
    I64DivZer.o                     2
    I64Mul.o                       50
    IntDivZer.o                     2
    cexit.o                        10
    cmain.o                        30
    cstartup_M.o                   28
    data_init.o                    40
    lz77_init_single.o            128
    memchr.o                       22
    strchr.o                       18
    strlen.o                       14
    zero_init3.o                   60
    ---------------------------------------------------
    Total:                        830

shb_l.a: [10]
    exit.o                         20
    ---------------------------------------------------
    Total:                         20

    Gaps                           17        2
    Linker created                          32      512
-------------------------------------------------------
    Grand Total:               28'063    2'571    3'311


*******************************************************************************
*** ENTRY LIST
***

Entry                       Address   Size  Type      Object
-----                       -------   ----  ----      ------
.iar.init_table$$Base        0x76d8          --   Gb  - Linker created -
.iar.init_table$$Limit       0x76f8          --   Gb  - Linker created -
?main                        0x75b5         Code  Gb  cmain.o [9]
ADC0_IRQHandler              0x26f3   0x20  Code  Gb  tsp_battery.o [3]
ADC0_flag               0x2020'0ae0    0x2  Data  Gb  tsp_battery.o [3]
ADC0_init                    0x26a5    0xa  Code  Gb  tsp_battery.o [3]
ADC1_IRQHandler              0x6517   0x34  Code  Gb  tsp_adc.o [3]
ADC1_flag               0x2020'0ade    0x1  Data  Gb  tsp_adc.o [3]
ADC2_flag               0x2020'0adf    0x1  Data  Gb  tsp_adc.o [3]
AESADV_IRQHandler            0x264f    0x2  Code  Wk  startup_mspm0g351x_iar.o [5]
ALIGNED_ROM$$Base              0xc0          --   Gb  - Linker created -
ALIGNED_ROM$$Limit           0x77b0          --   Gb  - Linker created -
Board_init                   0x1a41   0x28  Code  Gb  TSP3519.o [4]
CANFD0_IRQHandler            0x264f    0x2  Code  Wk  startup_mspm0g351x_iar.o [5]
CANFD1_IRQHandler            0x264f    0x2  Code  Wk  startup_mspm0g351x_iar.o [5]
CCD1_Get_AO                  0x64ef   0x28  Code  Gb  tsp_adc.o [3]
CCD_test                     0x3c69   0x6a  Code  Gb  TSP_CCD.o [3]
CSTACK$$Base            0x2020'0af0          --   Gb  - Linker created -
CSTACK$$Limit           0x2020'0cf0          --   Gb  - Linker created -
DAC0_IRQHandler              0x264f    0x2  Code  Wk  startup_mspm0g351x_iar.o [5]
DL_ADC12_clearInterruptStatus
                              0xa55    0xc  Code  Lc  ti_msp_dl_config.o [2]
DL_ADC12_clearInterruptStatus
                             0x64e3    0xc  Code  Lc  tsp_adc.o [3]
DL_ADC12_clearInterruptStatus
                             0x2699    0xc  Code  Lc  tsp_battery.o [3]
DL_ADC12_configConversionMem
                              0xa21   0x28  Code  Lc  ti_msp_dl_config.o [2]
DL_ADC12_enableConversions
                              0xa0b   0x10  Code  Lc  ti_msp_dl_config.o [2]
DL_ADC12_enableConversions
                             0x64bd   0x10  Code  Lc  tsp_adc.o [3]
DL_ADC12_enableConversions
                             0x2673   0x10  Code  Lc  tsp_battery.o [3]
DL_ADC12_enableInterrupt
                              0xa49    0xc  Code  Lc  ti_msp_dl_config.o [2]
DL_ADC12_enablePower          0x9b3    0xa  Code  Lc  ti_msp_dl_config.o [2]
DL_ADC12_getMemResult        0x64cd    0xc  Code  Lc  tsp_adc.o [3]
DL_ADC12_getMemResult        0x2683    0xc  Code  Lc  tsp_battery.o [3]
DL_ADC12_getPendingInterrupt
                             0x64d9    0xa  Code  Lc  tsp_adc.o [3]
DL_ADC12_getPendingInterrupt
                             0x268f    0xa  Code  Lc  tsp_battery.o [3]
DL_ADC12_initSeqSample        0x9c5   0x34  Code  Lc  ti_msp_dl_config.o [2]
DL_ADC12_reset                0x9bd    0x8  Code  Lc  ti_msp_dl_config.o [2]
DL_ADC12_setClockConfig
                             0x1991   0x3c  Code  Gb  dl_adc12.o [7]
DL_ADC12_setPowerDownMode
                              0x9f9   0x12  Code  Lc  ti_msp_dl_config.o [2]
DL_ADC12_setSampleTime0
                              0xa1b    0x6  Code  Lc  ti_msp_dl_config.o [2]
DL_ADC12_startConversion
                             0x64ad   0x10  Code  Lc  tsp_adc.o [3]
DL_ADC12_startConversion
                             0x2663   0x10  Code  Lc  tsp_battery.o [3]
DL_Common_delayCycles        0x14d9    0xa  Code  Gb  dl_common.o [7]
DL_Common_updateReg           0x9a7    0xc  Code  Lc  ti_msp_dl_config.o [2]
DL_Common_updateReg          0x3f3d    0xc  Code  Lc  tsp_i2c.o [3]
DL_FACTORYREGION_TrimTable
                        0x2020'0a4c   0x44  Data  Gb  dl_factoryregion.o [7]
DL_FactoryRegion_initTrimTable
                             0x19dd   0x58  Code  Gb  dl_factoryregion.o [7]
DL_GPIO_clearInterruptStatus
                              0xb57    0xc  Code  Lc  ti_msp_dl_config.o [2]
DL_GPIO_clearInterruptStatus
                             0x2e63    0xc  Code  Lc  tsp_isr.o [1]
DL_GPIO_clearPins             0xb1f    0x8  Code  Lc  ti_msp_dl_config.o [2]
DL_GPIO_clearPins            0x39a5    0x8  Code  Lc  TSP_CCD.o [3]
DL_GPIO_clearPins            0x3f9f    0x8  Code  Lc  tsp_i2c.o [3]
DL_GPIO_clearPins            0x1ef7    0x8  Code  Lc  TSP_TFT18.o [3]
DL_GPIO_enableHiZ             0xb39   0x12  Code  Lc  ti_msp_dl_config.o [2]
DL_GPIO_enableHiZ            0x3fad   0x12  Code  Lc  tsp_i2c.o [3]
DL_GPIO_enableInterrupt
                              0xb4b    0xc  Code  Lc  ti_msp_dl_config.o [2]
DL_GPIO_enableOutput          0xb27    0x6  Code  Lc  ti_msp_dl_config.o [2]
DL_GPIO_enableOutput         0x3fa7    0x6  Code  Lc  tsp_i2c.o [3]
DL_GPIO_enablePower           0xaa1    0xa  Code  Lc  ti_msp_dl_config.o [2]
DL_GPIO_getEnabledInterruptStatus
                             0x2e59    0xa  Code  Lc  tsp_isr.o [1]
DL_GPIO_initDigitalInputFeatures
                              0xabf   0x1a  Code  Lc  ti_msp_dl_config.o [2]
DL_GPIO_initDigitalInputFeatures
                             0x3f55   0x1a  Code  Lc  tsp_i2c.o [3]
DL_GPIO_initDigitalOutput
                              0xab3    0xc  Code  Lc  ti_msp_dl_config.o [2]
DL_GPIO_initDigitalOutput
                             0x3f49    0xc  Code  Lc  tsp_i2c.o [3]
DL_GPIO_initPeripheralAnalogFunction
                              0xb13    0xc  Code  Lc  ti_msp_dl_config.o [2]
DL_GPIO_initPeripheralInputFunction
                              0xae7    0xe  Code  Lc  ti_msp_dl_config.o [2]
DL_GPIO_initPeripheralInputFunctionFeatures
                              0xaf5   0x1e  Code  Lc  ti_msp_dl_config.o [2]
DL_GPIO_initPeripheralInputFunctionFeatures
                             0x3f6f   0x1e  Code  Lc  tsp_i2c.o [3]
DL_GPIO_initPeripheralOutputFunction
                              0xad9    0xe  Code  Lc  ti_msp_dl_config.o [2]
DL_GPIO_readPins             0x1a35    0xc  Code  Lc  TSP3519.o [4]
DL_GPIO_readPins             0x3993    0xc  Code  Lc  TSP_CCD.o [3]
DL_GPIO_readPins             0x3cf5    0xc  Code  Lc  tsp_ccd_image.o [1]
DL_GPIO_readPins             0x3f8d    0xc  Code  Lc  tsp_i2c.o [3]
DL_GPIO_readPins             0x2e4d    0xc  Code  Lc  tsp_isr.o [1]
DL_GPIO_readPins             0x30c5    0xc  Code  Lc  tsp_menu.o [1]
DL_GPIO_reset                 0xaab    0x8  Code  Lc  ti_msp_dl_config.o [2]
DL_GPIO_setLowerPinsPolarity
                              0xb2d    0xc  Code  Lc  ti_msp_dl_config.o [2]
DL_GPIO_setPins              0x399f    0x6  Code  Lc  TSP_CCD.o [3]
DL_GPIO_setPins              0x3d01    0x6  Code  Lc  tsp_ccd_image.o [1]
DL_GPIO_setPins              0x3f99    0x6  Code  Lc  tsp_i2c.o [3]
DL_GPIO_setPins              0x303d    0x6  Code  Lc  tsp_motor.o [1]
DL_GPIO_setPins              0x2731    0x6  Code  Lc  tsp_pwm.o [3]
DL_GPIO_setPins              0x1ef1    0x6  Code  Lc  TSP_TFT18.o [3]
DL_I2C_clearInterruptStatus
                             0x402b    0x6  Code  Lc  tsp_i2c.o [3]
DL_I2C_enableAnalogGlitchFilter
                              0xb8f   0x12  Code  Lc  ti_msp_dl_config.o [2]
DL_I2C_enableController
                              0xba7    0xe  Code  Lc  ti_msp_dl_config.o [2]
DL_I2C_enableControllerClockStretching
                              0xbb5    0xe  Code  Lc  ti_msp_dl_config.o [2]
DL_I2C_enablePower            0xb6b    0xa  Code  Lc  ti_msp_dl_config.o [2]
DL_I2C_enablePower           0x3ff9    0xa  Code  Lc  tsp_i2c.o [3]
DL_I2C_fillControllerTXFIFO
                             0x180f   0x74  Code  Gb  dl_i2c.o [7]
DL_I2C_flushControllerTXFIFO
                             0x1883   0x26  Code  Gb  dl_i2c.o [7]
DL_I2C_getControllerStatus
                             0x400b    0x6  Code  Lc  tsp_i2c.o [3]
DL_I2C_getRawInterruptStatus
                             0x4021    0xa  Code  Lc  tsp_i2c.o [3]
DL_I2C_isControllerRXFIFOEmpty
                             0x3fbf   0x10  Code  Lc  tsp_i2c.o [3]
DL_I2C_receiveControllerData
                             0x4011    0x8  Code  Lc  tsp_i2c.o [3]
DL_I2C_reset                  0xb75    0x8  Code  Lc  ti_msp_dl_config.o [2]
DL_I2C_reset                 0x4003    0x8  Code  Lc  tsp_i2c.o [3]
DL_I2C_resetControllerTransfer
                              0xb63    0x8  Code  Lc  ti_msp_dl_config.o [2]
DL_I2C_setAnalogGlitchFilterPulseWidth
                              0xb7d   0x12  Code  Lc  ti_msp_dl_config.o [2]
DL_I2C_setClockConfig        0x17e5   0x2a  Code  Gb  dl_i2c.o [7]
DL_I2C_setControllerRXFIFOThreshold
                              0xbd1   0x10  Code  Lc  ti_msp_dl_config.o [2]
DL_I2C_setControllerTXFIFOThreshold
                              0xbc3    0xe  Code  Lc  ti_msp_dl_config.o [2]
DL_I2C_setTimerPeriod         0xba1    0x6  Code  Lc  ti_msp_dl_config.o [2]
DL_I2C_startControllerTransfer
                             0x3fcf   0x2a  Code  Lc  tsp_i2c.o [3]
DL_I2C_transmitControllerData
                             0x4019    0x8  Code  Lc  tsp_i2c.o [3]
DL_SPI_enable                 0xbf3    0xe  Code  Lc  ti_msp_dl_config.o [2]
DL_SPI_enablePower            0xbe1    0xa  Code  Lc  ti_msp_dl_config.o [2]
DL_SPI_init                  0x190d   0x44  Code  Gb  dl_spi.o [7]
DL_SPI_receiveDataBlocking8
                             0x1961   0x10  Code  Gb  dl_spi.o [7]
DL_SPI_reset                  0xbeb    0x8  Code  Lc  ti_msp_dl_config.o [2]
DL_SPI_setBitRateSerialClockDivider
                              0xc19    0xe  Code  Lc  ti_msp_dl_config.o [2]
DL_SPI_setClockConfig        0x1951   0x10  Code  Gb  dl_spi.o [7]
DL_SPI_setFIFOThreshold
                              0xc01   0x14  Code  Lc  ti_msp_dl_config.o [2]
DL_SPI_transmitDataBlocking8
                             0x1971    0xe  Code  Gb  dl_spi.o [7]
DL_SYSCTL_configSYSPLL       0x14e5   0xc2  Code  Gb  dl_sysctl_mspm0gx51x.o [7]
DL_SYSCTL_enableMFCLK         0xa83    0xe  Code  Lc  ti_msp_dl_config.o [2]
DL_SYSCTL_setBORThreshold
                              0xa61    0x6  Code  Lc  ti_msp_dl_config.o [2]
DL_SYSCTL_setFlashWaitState
                              0xa91   0x10  Code  Lc  ti_msp_dl_config.o [2]
DL_SYSCTL_setHFCLKSourceHFXTParams
                             0x15d5   0x68  Code  Gb  dl_sysctl_mspm0gx51x.o [7]
DL_SYSCTL_setSYSOSCFreq
                              0xa67    0xe  Code  Lc  ti_msp_dl_config.o [2]
DL_SYSCTL_setULPCLKDivider
                              0xa75    0xe  Code  Lc  ti_msp_dl_config.o [2]
DL_SYSCTL_switchMCLKfromSYSOSCtoHSCLK
                             0x15a7   0x24  Code  Gb  dl_sysctl_mspm0gx51x.o [7]
DL_Timer_configQEI            0xc91   0x1c  Code  Lc  ti_msp_dl_config.o [2]
DL_Timer_enableClock          0xc41    0x8  Code  Lc  ti_msp_dl_config.o [2]
DL_Timer_enablePower          0xc27    0xa  Code  Lc  ti_msp_dl_config.o [2]
DL_Timer_getTimerCount       0x4345    0x8  Code  Lc  tsp_qei.o [3]
DL_Timer_initFourCCPWMMode
                             0x16cd   0xf6  Code  Gb  dl_timer.o [7]
DL_Timer_reset                0xc31    0x8  Code  Lc  ti_msp_dl_config.o [2]
DL_Timer_setCCPDirection
                              0xc39    0x8  Code  Lc  ti_msp_dl_config.o [2]
DL_Timer_setCaptCompUpdateMethod
                             0x168f   0x1a  Code  Gb  dl_timer.o [7]
DL_Timer_setCaptureCompareOutCtl
                             0x16a9   0x14  Code  Gb  dl_timer.o [7]
DL_Timer_setCaptureCompareValue
                             0x1685    0xa  Code  Gb  dl_timer.o [7]
DL_Timer_setClockConfig
                             0x1669   0x16  Code  Gb  dl_timer.o [7]
DL_Timer_setCounterControl
                              0xc55   0x16  Code  Lc  ti_msp_dl_config.o [2]
DL_Timer_setLoadValue         0xc49    0x6  Code  Lc  ti_msp_dl_config.o [2]
DL_Timer_setTimerCount       0x2e6f    0x8  Code  Lc  tsp_isr.o [1]
DL_Timer_startCounter         0xc71    0xe  Code  Lc  ti_msp_dl_config.o [2]
DL_UART_enable                0xcd1   0x10  Code  Lc  ti_msp_dl_config.o [2]
DL_UART_enableInterrupt
                              0xd2d    0xc  Code  Lc  ti_msp_dl_config.o [2]
DL_UART_enablePower           0xcad    0xa  Code  Lc  ti_msp_dl_config.o [2]
DL_UART_init                 0x18ad   0x48  Code  Gb  dl_uart.o [7]
DL_UART_isRXFIFOEmpty        0x2e77    0xe  Code  Lc  tsp_isr.o [1]
DL_UART_receiveData          0x2e85    0x8  Code  Lc  tsp_isr.o [1]
DL_UART_reset                 0xcb7    0x8  Code  Lc  ti_msp_dl_config.o [2]
DL_UART_setBaudRateDivisor
                              0xcf3   0x30  Code  Lc  ti_msp_dl_config.o [2]
DL_UART_setClockConfig       0x18f5   0x10  Code  Gb  dl_uart.o [7]
DL_UART_setOversampling
                              0xce1   0x12  Code  Lc  ti_msp_dl_config.o [2]
DMA_IRQHandler               0x264f    0x2  Code  Wk  startup_mspm0g351x_iar.o [5]
Default_Handler              0x264f    0x2  Code  Lc  startup_mspm0g351x_iar.o [5]
Dtentox                      0x6881  0x1f4  Code  Lc  strto64.o [8]
Enable_GPIOA_INT             0x2645    0xa  Code  Gb  tsp_gpio.o [3]
FACTORYVALUE            0x2020'01a0    0x4  Data  Gb  dl_factoryregion.o [7]
GROUP0_IRQHandler            0x264f    0x2  Code  Wk  startup_mspm0g351x_iar.o [5]
GROUP1_IRQHandler            0x2f69   0x74  Code  Gb  tsp_isr.o [1]
HardFault_Handler            0x264f    0x2  Code  Wk  startup_mspm0g351x_iar.o [5]
I2C0_IRQHandler              0x264f    0x2  Code  Wk  startup_mspm0g351x_iar.o [5]
I2C1_IRQHandler              0x264f    0x2  Code  Wk  startup_mspm0g351x_iar.o [5]
I2C2_IRQHandler              0x264f    0x2  Code  Wk  startup_mspm0g351x_iar.o [5]
LFSS_IRQHandler              0x264f    0x2  Code  Wk  startup_mspm0g351x_iar.o [5]
MPU6050ReadAcc               0x24f5   0x30  Code  Gb  TSP_MPU6050.o [3]
MPU6050ReadGyro              0x2525   0x30  Code  Gb  TSP_MPU6050.o [3]
MPU6050ReadID                0x2451   0x1e  Code  Gb  TSP_MPU6050.o [3]
MPU6050_Init                 0x2485   0x70  Code  Gb  TSP_MPU6050.o [3]
MPU6050_ReadData             0x2441    0xe  Code  Gb  TSP_MPU6050.o [3]
MPU6050_ReadReg              0x242d   0x14  Code  Gb  TSP_MPU6050.o [3]
MPU6050_WriteReg             0x241d   0x10  Code  Gb  TSP_MPU6050.o [3]
MenuCursor16x16              0x3320   0x20  Data  Gb  tsp_menu.o [1]
Motor_test                   0x3045   0x5c  Code  Gb  tsp_motor.o [1]
NMI_Handler                  0x264f    0x2  Code  Wk  startup_mspm0g351x_iar.o [5]
PendSV_Handler               0x264f    0x2  Code  Wk  startup_mspm0g351x_iar.o [5]
RES_value               0x2020'0aed    0x1  Data  Gb  TSP3519.o [4]
Region$$Table$$Base          0x76d8          --   Gb  - Linker created -
Region$$Table$$Limit         0x76f8          --   Gb  - Linker created -
Reset_Handler                0x7613    0x8  Code  Wk  startup_mspm0g351x_iar.o [5]
SPI0_IRQHandler              0x264f    0x2  Code  Wk  startup_mspm0g351x_iar.o [5]
SPI1_IRQHandler              0x264f    0x2  Code  Wk  startup_mspm0g351x_iar.o [5]
SPI2_IRQHandler              0x264f    0x2  Code  Wk  startup_mspm0g351x_iar.o [5]
SVC_Handler                  0x264f    0x2  Code  Wk  startup_mspm0g351x_iar.o [5]
SYSCFG_DL_BATTERY_init       0x146d   0x5c  Code  Wk  ti_msp_dl_config.o [2]
SYSCFG_DL_CCD_init           0x13dd   0x90  Code  Wk  ti_msp_dl_config.o [2]
SYSCFG_DL_GPIO_init           0xec5  0x21c  Code  Wk  ti_msp_dl_config.o [2]
SYSCFG_DL_K230_init          0x135d   0x44  Code  Wk  ti_msp_dl_config.o [2]
SYSCFG_DL_LCD_init           0x13a1   0x3c  Code  Wk  ti_msp_dl_config.o [2]
SYSCFG_DL_MPU6050_init       0x130d   0x50  Code  Wk  ti_msp_dl_config.o [2]
SYSCFG_DL_Motor_init         0x11a9   0xcc  Code  Wk  ti_msp_dl_config.o [2]
SYSCFG_DL_QEI_1_init         0x1275   0x4c  Code  Wk  ti_msp_dl_config.o [2]
SYSCFG_DL_QEI_2_init         0x12c1   0x4c  Code  Wk  ti_msp_dl_config.o [2]
SYSCFG_DL_SYSCTL_init        0x10e1   0x40  Code  Wk  ti_msp_dl_config.o [2]
SYSCFG_DL_SYSTICK_init       0x14c9   0x10  Code  Wk  ti_msp_dl_config.o [2]
SYSCFG_DL_Servo_init         0x1121   0x88  Code  Wk  ti_msp_dl_config.o [2]
SYSCFG_DL_init                0xda1   0x54  Code  Wk  ti_msp_dl_config.o [2]
SYSCFG_DL_initPower           0xdf5   0xd0  Code  Wk  ti_msp_dl_config.o [2]
Scroll                  0x2020'00cc    0x1  Data  Gb  tsp_menu.o [1]
SysTick_Config                0x979   0x2e  Code  Lc  ti_msp_dl_config.o [2]
SysTick_Handler              0x2e99   0x66  Code  Gb  tsp_isr.o [1]
TIMA0_IRQHandler             0x264f    0x2  Code  Wk  startup_mspm0g351x_iar.o [5]
TIMA1_IRQHandler             0x264f    0x2  Code  Wk  startup_mspm0g351x_iar.o [5]
TIMG0_IRQHandler             0x264f    0x2  Code  Wk  startup_mspm0g351x_iar.o [5]
TIMG12_IRQHandler            0x264f    0x2  Code  Wk  startup_mspm0g351x_iar.o [5]
TIMG14_IRQHandler            0x264f    0x2  Code  Wk  startup_mspm0g351x_iar.o [5]
TIMG6_IRQHandler             0x264f    0x2  Code  Wk  startup_mspm0g351x_iar.o [5]
TIMG7_IRQHandler             0x264f    0x2  Code  Wk  startup_mspm0g351x_iar.o [5]
TIMG8_IRQHandler             0x264f    0x2  Code  Wk  startup_mspm0g351x_iar.o [5]
TIMG9_IRQHandler             0x264f    0x2  Code  Wk  startup_mspm0g351x_iar.o [5]
TSP_QEI1_GetCount            0x434d   0x10  Code  Gb  tsp_qei.o [3]
TSP_QEI2_GetCount            0x435d   0x10  Code  Gb  tsp_qei.o [3]
UART0_IRQHandler             0x264f    0x2  Code  Wk  startup_mspm0g351x_iar.o [5]
UART1_IRQHandler             0x264f    0x2  Code  Wk  startup_mspm0g351x_iar.o [5]
UART3_IRQHandler             0x264f    0x2  Code  Wk  startup_mspm0g351x_iar.o [5]
UART4_IRQHandler             0x264f    0x2  Code  Wk  startup_mspm0g351x_iar.o [5]
UART5_IRQHandler             0x264f    0x2  Code  Wk  startup_mspm0g351x_iar.o [5]
UART6_IRQHandler             0x2f11   0x58  Code  Gb  tsp_isr.o [1]
UART6_IRQHandler::uart_start
                        0x2020'0aee    0x1  Data  Lc  tsp_isr.o [1]
UART7_IRQHandler             0x264f    0x2  Code  Wk  startup_mspm0g351x_iar.o [5]
_Get                         0x442d    0xc  Code  Lc  xscanffull_nomb.o [6]
_GetN                        0x4443   0x1e  Code  Lc  xscanffull_nomb.o [6]
_GetstrFullNoMb              0x5085  0x1c0  Code  Lc  xscanffull_nomb.o [6]
_LC                          0x530d    0x8  Code  Lc  xprintffull_nomb.o [6]
_LitobFullNoMb               0x60ed  0x124  Code  Lc  xprintffull_nomb.o [6]
_LocaleC_isalpha             0x6837    0xc  Code  Gb  xlocale_c.o [6]
_LocaleC_islower             0x6831    0x4  Code  Gb  xlocale_c.o [6]
_LocaleC_isspace             0x684d   0x14  Code  Gb  xlocale_c.o [6]
_LocaleC_isupper             0x6835    0x2  Code  Gb  xlocale_c.o [6]
_LocaleC_tolower             0x6861    0xc  Code  Gb  xlocale_c.o [6]
_Locale_lconv           0x2020'01a4   0x38  Data  Lc  xlocale_c.o [6]
_PrintfFullNoMb              0x5315  0xdd8  Code  Gb  xprintffull_nomb.o [6]
_PutcharsFullNoMb            0x625d   0x36  Code  Lc  xprintffull_nomb.o [6]
_SProut                      0x2adb    0xa  Code  Gb  xsprout.o [6]
_SScin                       0x52c3   0x22  Code  Gb  xsscin.o [6]
_ScanfFullNoMb               0x4481  0xbc0  Code  Gb  xscanffull_nomb.o [6]
_UngetN                      0x4461   0x1e  Code  Lc  xscanffull_nomb.o [6]
__NVIC_EnableIRQ             0x2651   0x12  Code  Lc  tsp_battery.o [3]
__NVIC_EnableIRQ             0x3981   0x12  Code  Lc  TSP_CCD.o [3]
__NVIC_EnableIRQ             0x262d   0x12  Code  Lc  tsp_gpio.o [3]
__NVIC_EnableIRQ             0x260d   0x12  Code  Lc  tsp_uart.o [3]
__NVIC_SetPriority            0x935   0x44  Code  Lc  ti_msp_dl_config.o [2]
__aeabi_cdcmple              0x2c9f         Code  Gb  DblCmpLe.o [8]
__aeabi_cdrcmple             0x6f61         Code  Gb  DblCmpGe.o [8]
__aeabi_cfcmple              0x52e5         Code  Gb  FltCmpLe.o [8]
__aeabi_cfrcmple             0x2cd1         Code  Gb  FltCmpGe.o [8]
__aeabi_d2f                  0x644b         Code  Gb  DblToFlt.o [8]
__aeabi_d2iz                 0x67a9         Code  Gb  DblToI32.o [8]
__aeabi_d2uiz                0x67cd         Code  Gb  DblToI32.o [8]
__aeabi_dadd                 0x6297         Code  Gb  DblAddSub.o [8]
__aeabi_ddiv                 0x66e5         Code  Gb  DblDiv.o [8]
__aeabi_dmul                 0x6561         Code  Gb  DblMul.o [8]
__aeabi_dsub                 0x635d         Code  Gb  DblAddSub.o [8]
__aeabi_f2d                  0x2c6d         Code  Gb  FltToDbl.o [8]
__aeabi_f2iz                 0x5289         Code  Gb  FltToS32.o [8]
__aeabi_fadd                 0x29bb         Code  Gb  FltAddSub.o [8]
__aeabi_fdiv                 0x42a1         Code  Gb  FltDiv.o [8]
__aeabi_fmul                 0x290b         Code  Gb  FltMul.o [8]
__aeabi_fsub                 0x2a2b         Code  Gb  FltAddSub.o [8]
__aeabi_i2d                  0x2e39         Code  Gb  IxxToDbl.o [8]
__aeabi_i2f                  0x28f5         Code  Gb  IxxToFlt.o [8]
__aeabi_idiv                 0x2d65         Code  Gb  I32DivModFast.o [9]
__aeabi_idiv0                0x6295         Code  Gb  IntDivZer.o [9]
__aeabi_idivmod              0x2d65         Code  Gb  I32DivModFast.o [9]
__aeabi_ldiv0                0x7581         Code  Gb  I64DivZer.o [9]
__aeabi_lmul                 0x7531         Code  Gb  I64Mul.o [9]
__aeabi_memcpy               0x6f1d         Code  Gb  ABImemcpy.o [9]
__aeabi_memcpy4              0x6ee9         Code  Gb  ABImemcpy.o [9]
__aeabi_memcpy8              0x6ee9         Code  Gb  ABImemcpy.o [9]
__aeabi_ui2d                 0x2e19         Code  Gb  IxxToDbl.o [8]
__aeabi_ui2f                 0x28d5         Code  Gb  IxxToFlt.o [8]
__aeabi_uidiv                0x2d6b         Code  Gb  I32DivModFast.o [9]
__aeabi_uidivmod             0x2d6b         Code  Gb  I32DivModFast.o [9]
__aeabi_uldivmod             0x6f93         Code  Gb  I64DivMod.o [9]
__cmain                      0x75b5         Code  Gb  cmain.o [9]
__exit                       0x7585   0x14  Code  Gb  exit.o [10]
__iar_Fail_s                 0x6e79   0x22  Code  Gb  xfail_s.o [6]
__iar_Memchr                 0x6ec1         Code  Gb  memchr.o [9]
__iar_Memcpy                 0x6f29         Code  Gb  ABImemcpy.o [9]
__iar_Sto64                  0x6a7d  0x112  Code  Gb  strto64.o [8]
__iar_Stoflt                 0x7129  0x1d4  Code  Gb  iar_Stoflt.o [6]
__iar_Stollx                 0x6dc7   0xa8  Code  Gb  iar_Stollx.o [6]
__iar_Stopfx                 0x700f  0x118  Code  Gb  iar_Stopfx.o [6]
__iar_Stoullx                0x6c21  0x194  Code  Gb  iar_Stoullx.o [6]
__iar_Stoxflt                0x72fd  0x200  Code  Gb  iar_Stoxflt.o [6]
__iar_Stoxflt::digits        0x7500   0x18  Data  Lc  iar_Stoxflt.o [6]
__iar_Stoxflt::vals          0x7518   0x18  Data  Lc  iar_Stoxflt.o [6]
__iar_Strchr                 0x680d         Code  Gb  strchr.o [9]
__iar_d2uiz                  0x67d1         Code  Gb  DblToI32.o [8]
__iar_data_init3             0x75d9   0x28  Code  Gb  data_init.o [9]
__iar_frexp                  0x6f43         Code  Gb  frexp.o [8]
__iar_frexp64                0x6f37         Code  Gb  frexp.o [8]
__iar_frexpl                 0x6f43         Code  Gb  frexp.o [8]
__iar_globLocale        0x2020'01dc   0x48  Data  Lc  xlocale_c.o [6]
__iar_global_Locale          0x686d    0x4  Code  Gb  xlocale_c.o [6]
__iar_ldexp64                0x6bb1         Code  Gb  ldexp.o [8]
__iar_lz77_init_single3
                             0x7657   0x80  Code  Gb  lz77_init_single.o [9]
__iar_program_start          0x7599         Code  Gb  cstartup_M.o [9]
__iar_scalbln64              0x6bb1         Code  Gb  ldexp.o [8]
__iar_scalbn64               0x6bb1         Code  Gb  ldexp.o [8]
__iar_zero_init3             0x761b   0x3c  Code  Gb  zero_init3.o [9]
__low_level_init             0x75d3    0x4  Code  Gb  low_level_init.o [6]
__vector_table                  0x0   0xc0  Data  Gb  startup_mspm0g351x_iar.o [5]
_call_main                   0x75c1         Code  Gb  cmain.o [9]
_exit                        0x7609         Code  Gb  cexit.o [9]
abort                        0x7575    0xa  Code  Gb  abort.o [6]
acc_bias                0x2020'017c    0xc  Data  Lc  TSP_MPU6050.o [3]
acc_bias_update              0x25b9   0x46  Code  Gb  TSP_MPU6050.o [3]
buf                     0x2020'008c   0x40  Data  Gb  TSP3519.o [4]
ccd_data_binary         0x2020'0324  0x100  Data  Gb  tsp_ccd_image.o [1]
ccd_data_gray           0x2020'0224  0x100  Data  Gb  tsp_ccd_image.o [1]
ccd_data_old            0x2020'094c  0x100  Data  Gb  TSP_CCD.o [3]
ccd_data_raw            0x2020'084c  0x100  Data  Gb  TSP_CCD.o [3]
ccd_data_show           0x2020'0424  0x100  Data  Gb  tsp_ccd_image.o [1]
ccd_data_temp           0x2020'0524  0x100  Data  Gb  tsp_ccd_image.o [1]
ccd_index               0x2020'0848    0x1  Data  Gb  TSP_CCD.o [3]
change                  0x2020'00cd    0x1  Data  Gb  tsp_menu.o [1]
count_20ms              0x2020'0002    0x2  Data  Gb  TSP3519.o [4]
current_speed_qei1      0x2020'0aa4    0x2  Data  Gb  tsp_motor.o [1]
current_speed_qei2      0x2020'0aa6    0x2  Data  Gb  tsp_motor.o [1]
dc1                     0x2020'0a94    0x2  Data  Gb  tsp_motor.o [1]
dc2                     0x2020'0a96    0x2  Data  Gb  tsp_motor.o [1]
delay                   0x2020'0ac4    0x4  Data  Lc  tsp_isr.o [1]
delay_1ms                    0x2e8d    0xc  Code  Gb  tsp_isr.o [1]
digits                        0x90c   0x28  Data  Lc  iar_Stoullx.o [6]
encoder_pulse_qei1      0x2020'0ae2    0x2  Data  Gb  tsp_qei.o [3]
encoder_pulse_qei2      0x2020'0ae4    0x2  Data  Gb  tsp_qei.o [3]
encoder_speed_motor1    0x2020'0ae6    0x2  Data  Gb  tsp_qei.o [3]
encoder_speed_motor2    0x2020'0ae8    0x2  Data  Gb  tsp_qei.o [3]
exit                         0x7601    0x8  Code  Gb  exit.o [6]
flag_20_ms              0x2020'0aec    0x1  Data  Gb  TSP3519.o [4]
frexp                        0x6f37         Code  Gb  frexp.o [8]
frexpl                       0x6f37         Code  Gb  frexp.o [8]
gBATTERYClockConfig           0x178    0x8  Data  Lc  ti_msp_dl_config.o [2]
gCCDClockConfig               0x170    0x8  Data  Lc  ti_msp_dl_config.o [2]
gK230ClockConfig              0x152    0x2  Data  Lc  ti_msp_dl_config.o [2]
gK230Config                   0x154    0xc  Data  Lc  ti_msp_dl_config.o [2]
gLCDBackup              0x2020'0820   0x28  Data  Gb  ti_msp_dl_config.o [2]
gLCD_clockConfig              0x16c    0x2  Data  Lc  ti_msp_dl_config.o [2]
gLCD_config                   0x160    0xc  Data  Lc  ti_msp_dl_config.o [2]
gMPU6050ClockConfig           0x150    0x2  Data  Lc  ti_msp_dl_config.o [2]
gMotorBackup            0x2020'0624   0xbc  Data  Gb  ti_msp_dl_config.o [2]
gMotorClockConfig             0x13c    0x4  Data  Lc  ti_msp_dl_config.o [2]
gMotorConfig                  0x140    0x8  Data  Lc  ti_msp_dl_config.o [2]
gQEI_1ClockConfig             0x148    0x4  Data  Lc  ti_msp_dl_config.o [2]
gQEI_2Backup            0x2020'0780   0xa0  Data  Gb  ti_msp_dl_config.o [2]
gQEI_2ClockConfig             0x14c    0x4  Data  Lc  ti_msp_dl_config.o [2]
gSYSPLLConfig                 0x108   0x28  Data  Lc  ti_msp_dl_config.o [2]
gServoBackup            0x2020'06e0   0xa0  Data  Gb  ti_msp_dl_config.o [2]
gServoClockConfig             0x130    0x4  Data  Lc  ti_msp_dl_config.o [2]
gServoConfig                  0x134    0x8  Data  Lc  ti_msp_dl_config.o [2]
gyro_bias               0x2020'0170    0xc  Data  Lc  TSP_MPU6050.o [3]
gyro_bias_update             0x2555   0x64  Code  Gb  TSP_MPU6050.o [3]
isalpha                      0x681f   0x12  Code  Gb  isalpha.o [6]
isspace                      0x67fb   0x12  Code  Gb  isspace.o [6]
kd_line_follower        0x2020'0ab0    0x4  Data  Gb  tsp_motor.o [1]
kd_motor                0x2020'0ad4    0x4  Data  Gb  tsp_pid.o [1]
kd_servo                0x2020'0194    0x4  Data  Gb  tsp_pid.o [1]
ki_line_follower        0x2020'0aac    0x4  Data  Gb  tsp_motor.o [1]
ki_motor                0x2020'0ad0    0x4  Data  Gb  tsp_pid.o [1]
ki_servo                0x2020'0190    0x4  Data  Gb  tsp_pid.o [1]
kp_line_follower        0x2020'0aa8    0x4  Data  Gb  tsp_motor.o [1]
kp_motor                0x2020'0188    0x4  Data  Gb  tsp_pid.o [1]
kp_servo                0x2020'018c    0x4  Data  Gb  tsp_pid.o [1]
ldexp                        0x6bb1         Code  Gb  ldexp.o [8]
ldexpl                       0x6bb1         Code  Gb  ldexp.o [8]
localeconv                   0x6871    0x4  Code  Gb  xlocale_c.o [6]
main                         0x1e1d   0x6a  Code  Gb  TSP3519.o [4]
memchr                       0x6ec1         Code  Gb  memchr.o [9]
menu_id                 0x2020'0aea    0x1  Data  Gb  TSP3519.o [4]
menu_item0              0x2020'00d0   0xa0  Data  Gb  tsp_menu.o [1]
mspm0_get_clock_ms           0x2eff   0x12  Code  Gb  tsp_isr.o [1]
mspm0_i2c_disable            0x4031   0x3a  Code  Gb  tsp_i2c.o [3]
mspm0_i2c_enable             0x406b   0x4c  Code  Gb  tsp_i2c.o [3]
mspm0_i2c_read               0x4189   0xce  Code  Gb  tsp_i2c.o [3]
mspm0_i2c_sda_unlock         0x40b7   0x46  Code  Gb  tsp_i2c.o [3]
mspm0_i2c_write              0x40fd   0x84  Code  Gb  tsp_i2c.o [3]
ndigs                         0x8e4   0x28  Data  Lc  iar_Stoullx.o [6]
para_set                     0x3341  0x5f0  Code  Gb  tsp_menu.o [1]
pows                           0xc0   0x48  Data  Lc  strto64.o [8]
qei1_direction          0x2020'0ab4    0x1  Data  Lc  tsp_qei.o [3]
qei1_last_count         0x2020'0ab8    0x4  Data  Lc  tsp_qei.o [3]
qei2_direction          0x2020'0ab5    0x1  Data  Lc  tsp_qei.o [3]
qei2_last_count         0x2020'0abc    0x4  Data  Lc  tsp_qei.o [3]
ranmatch                     0x5041   0x42  Code  Lc  xscanffull_nomb.o [6]
rx_buffer               0x2020'000c   0x80  Data  Gb  TSP3519.o [4]
rx_flag                 0x2020'0000    0x1  Data  Gb  TSP3519.o [4]
rx_idx                  0x2020'0adc    0x2  Data  Gb  TSP3519.o [4]
scalbln                      0x6bb1         Code  Gb  ldexp.o [8]
scalblnl                     0x6bb1         Code  Gb  ldexp.o [8]
scalbn                       0x6bb1         Code  Gb  ldexp.o [8]
scalbnl                      0x6bb1         Code  Gb  ldexp.o [8]
scale                        0x6211   0x44  Code  Lc  xprintffull_nomb.o [6]
sec_hand                0x2020'0ad8    0x4  Data  Lc  xfail_s.o [6]
servo1_x                0x2020'0198    0x4  Data  Gb  tsp_servo.o [1]
servo2_y                0x2020'019c    0x4  Data  Gb  tsp_servo.o [1]
show_battery_voltage         0x1c5d   0x48  Code  Gb  TSP3519.o [4]
show_menu_cursor             0x3295   0x8c  Code  Gb  tsp_menu.o [1]
speed                   0x2020'0aeb    0x1  Data  Gb  TSP3519.o [4]
sprintf                      0x2cf9   0x40  Code  Gb  sprintf.o [6]
sscanf                       0x28ad   0x28  Code  Gb  sscanf.o [6]
strchr                       0x680d         Code  Gb  strchr.o [9]
strlen                       0x6ed9         Code  Gb  strlen.o [9]
strtoll                      0x6e6f    0xa  Code  Gb  iar_Stollx.o [6]
strtoull                     0x6dbd    0xa  Code  Gb  iar_Stoullx.o [6]
sys_tick_counter        0x2020'0ac0    0x4  Data  Gb  tsp_isr.o [1]
target_speed_qei1       0x2020'0a90    0x2  Data  Gb  tsp_motor.o [1]
target_speed_qei2       0x2020'0a92    0x2  Data  Gb  tsp_motor.o [1]
test                         0x1cbd  0x160  Code  Gb  TSP3519.o [4]
tft_ascii                     0x210  0x5f0  Data  Gb  TSP_TFT18.o [3]
tolower                      0x7563   0x12  Code  Gb  tolower.o [6]
tsp_battery_voltage          0x26af   0x44  Code  Gb  tsp_battery.o [3]
tsp_ccd_binary               0x3d75   0x24  Code  Gb  tsp_ccd_image.o [1]
tsp_ccd_data2Gray            0x3d55   0x20  Code  Gb  tsp_ccd_image.o [1]
tsp_ccd_delay_1us            0x39ad   0x22  Code  Gb  TSP_CCD.o [3]
tsp_ccd_detect_scene         0x3e31   0x62  Code  Gb  tsp_ccd_image.o [1]
tsp_ccd_flush                0x3a11   0xd0  Code  Gb  TSP_CCD.o [3]
tsp_ccd_image_dilate         0x3dfb   0x36  Code  Gb  tsp_ccd_image.o [1]
tsp_ccd_image_erode          0x3db5   0x46  Code  Gb  tsp_ccd_image.o [1]
tsp_ccd_init                 0x39cf    0xa  Code  Gb  TSP_CCD.o [3]
tsp_ccd_pulse_CLK            0x39d9   0x38  Code  Lc  TSP_CCD.o [3]
tsp_ccd_show                 0x3c01   0x46  Code  Gb  TSP_CCD.o [3]
tsp_ccd_snapshot             0x3ae1  0x120  Code  Gb  TSP_CCD.o [3]
tsp_ccd_threshold_mean       0x3d99   0x1c  Code  Gb  tsp_ccd_image.o [1]
tsp_demo_frame_ccd           0x3c47   0x22  Code  Gb  TSP_CCD.o [3]
tsp_img_test                 0x3e9d   0x96  Code  Gb  tsp_ccd_image.o [1]
tsp_menu_loop                0x3129  0x152  Code  Gb  tsp_menu.o [1]
tsp_motor_control            0x283b   0x26  Code  Gb  tsp_pwm.o [3]
tsp_motor_voltage            0x277d   0xbe  Code  Gb  tsp_pwm.o [3]
tsp_pid_control              0x2bd3   0x72  Code  Gb  tsp_pid.o [1]
tsp_pid_control::integral
                        0x2020'0ac8    0x4  Data  Lc  tsp_pid.o [1]
tsp_pid_control::prev_error
                        0x2020'0acc    0x4  Data  Lc  tsp_pid.o [1]
tsp_qei1_get_speed           0x436d   0x48  Code  Gb  tsp_qei.o [3]
tsp_qei2_get_speed           0x43b5   0x46  Code  Gb  tsp_qei.o [3]
tsp_servo_angle              0x2737   0x46  Code  Gb  tsp_pwm.o [3]
tsp_servo_control_pid        0x2ae5   0xee  Code  Gb  tsp_pid.o [1]
tsp_show1_ccd_gray           0x3d07   0x4e  Code  Gb  tsp_ccd_image.o [1]
tsp_show_arrow               0x30d1   0x58  Code  Gb  tsp_menu.o [1]
tsp_speed_close_loop::e1_k
                        0x2020'0a98    0x2  Data  Lc  tsp_motor.o [1]
tsp_speed_close_loop::e1_k_1
                        0x2020'0a9a    0x2  Data  Lc  tsp_motor.o [1]
tsp_speed_close_loop::e1_k_2
                        0x2020'0a9c    0x2  Data  Lc  tsp_motor.o [1]
tsp_speed_close_loop::e2_k
                        0x2020'0a9e    0x2  Data  Lc  tsp_motor.o [1]
tsp_speed_close_loop::e2_k_1
                        0x2020'0aa0    0x2  Data  Lc  tsp_motor.o [1]
tsp_speed_close_loop::e2_k_2
                        0x2020'0aa2    0x2  Data  Lc  tsp_motor.o [1]
tsp_spi_write_byte           0x2005   0x14  Code  Lc  TSP_TFT18.o [3]
tsp_tft18_clear              0x209b   0x36  Code  Gb  TSP_TFT18.o [3]
tsp_tft18_draw_block         0x23a9   0x72  Code  Gb  TSP_TFT18.o [3]
tsp_tft18_draw_frame         0x2347   0x62  Code  Gb  TSP_TFT18.o [3]
tsp_tft18_draw_line_h        0x22c1   0x44  Code  Gb  TSP_TFT18.o [3]
tsp_tft18_draw_line_v        0x2305   0x42  Code  Gb  TSP_TFT18.o [3]
tsp_tft18_draw_pixel         0x20dd   0x14  Code  Gb  TSP_TFT18.o [3]
tsp_tft18_init               0x1eff  0x106  Code  Gb  TSP_TFT18.o [3]
tsp_tft18_set_region         0x2065   0x36  Code  Gb  TSP_TFT18.o [3]
tsp_tft18_set_xy             0x20d1    0xc  Code  Gb  TSP_TFT18.o [3]
tsp_tft18_show_char          0x20f1   0x5a  Code  Gb  TSP_TFT18.o [3]
tsp_tft18_show_char_color
                             0x214b   0x72  Code  Gb  TSP_TFT18.o [3]
tsp_tft18_show_str           0x21d9   0x28  Code  Gb  TSP_TFT18.o [3]
tsp_tft18_show_str_color
                             0x2201   0x40  Code  Gb  TSP_TFT18.o [3]
tsp_tft18_show_uint16        0x2241   0x7a  Code  Gb  TSP_TFT18.o [3]
tsp_tft18_write_2byte        0x2045   0x20  Code  Gb  TSP_TFT18.o [3]
tsp_tft18_write_byte         0x202f   0x16  Code  Gb  TSP_TFT18.o [3]
tsp_tft18_write_cmd          0x2019   0x16  Code  Gb  TSP_TFT18.o [3]
tsp_uart6_init               0x261f    0xa  Code  Gb  tsp_uart.o [3]
tsp_update_current_speed
                             0x2861   0x14  Code  Gb  tsp_pwm.o [3]
uart6_test                   0x1a69  0x1f4  Code  Gb  TSP3519.o [4]
uart6_test::step_size   0x2020'0008    0x4  Data  Lc  TSP3519.o [4]
uart6_test::t           0x2020'0004    0x4  Data  Lc  TSP3519.o [4]


[1] = D:\Documents\nuedc\TSP-main_clearing_up\TSP-main\TSP3519\iar\Debug\Obj\NUEDU2025_11847588325976546582.dir
[2] = D:\Documents\nuedc\TSP-main_clearing_up\TSP-main\TSP3519\iar\Debug\Obj\SysConfig Generated Files_5435349133262493662.dir
[3] = D:\Documents\nuedc\TSP-main_clearing_up\TSP-main\TSP3519\iar\Debug\Obj\TSP3519_9401757970942732151.dir
[4] = D:\Documents\nuedc\TSP-main_clearing_up\TSP-main\TSP3519\iar\Debug\Obj\empty_mspm0g3519_13168490636323535303.dir
[5] = D:\Documents\nuedc\TSP-main_clearing_up\TSP-main\TSP3519\iar\Debug\Obj\iar_102420246905159791.dir
[6] = dl6M_tlf.a
[7] = driverlib.a
[8] = m6M_tl.a
[9] = rt6M_tl.a
[10] = shb_l.a

  28'063 bytes of readonly  code memory
   2'571 bytes of readonly  data memory
   3'311 bytes of readwrite data memory

Errors: none
Warnings: none
