###############################################################################
#
# IAR ELF Linker V9.60.3.422/W64 for ARM                  28/Jul/2025  20:52:53
# Copyright 2007-2024 IAR Systems AB.
#
#    Output file  =
#        D:\Documents\nuedc\TSP-main_clearing_up\TSP-main\TSP3519\iar\Debug\Exe\empty_mspm0g3519_nortos_iar.out
#    Map file     =
#        D:\Documents\nuedc\TSP-main_clearing_up\TSP-main\TSP3519\iar\Debug\List\empty_mspm0g3519_nortos_iar.map
#    Command line =
#        -f
#        D:\Documents\nuedc\TSP-main_clearing_up\TSP-main\TSP3519\iar\Debug\Exe\empty_mspm0g3519_nortos_iar.out.rsp
#        (D:\Documents\nuedc\TSP-main_clearing_up\TSP-main\TSP3519\iar\Debug\Obj\NUEDU2025_11847588325976546582.dir\Kalman.o
#        D:\Documents\nuedc\TSP-main_clearing_up\TSP-main\TSP3519\iar\Debug\Obj\iar_102420246905159791.dir\startup_mspm0g351x_iar.o
#        "D:\Documents\nuedc\TSP-main_clearing_up\TSP-main\TSP3519\iar\Debug\Obj\SysConfig
#        Generated Files_5435349133262493662.dir\ti_msp_dl_config.o"
#        D:\Documents\nuedc\TSP-main_clearing_up\TSP-main\TSP3519\iar\Debug\Obj\empty_mspm0g3519_13168490636323535303.dir\TSP3519.o
#        D:\Documents\nuedc\TSP-main_clearing_up\TSP-main\TSP3519\iar\Debug\Obj\TSP3519_9401757970942732151.dir\tsp_adc.o
#        D:\Documents\nuedc\TSP-main_clearing_up\TSP-main\TSP3519\iar\Debug\Obj\TSP3519_9401757970942732151.dir\tsp_battery.o
#        D:\Documents\nuedc\TSP-main_clearing_up\TSP-main\TSP3519\iar\Debug\Obj\TSP3519_9401757970942732151.dir\TSP_CCD.o
#        D:\Documents\nuedc\TSP-main_clearing_up\TSP-main\TSP3519\iar\Debug\Obj\NUEDU2025_11847588325976546582.dir\tsp_ccd_image.o
#        D:\Documents\nuedc\TSP-main_clearing_up\TSP-main\TSP3519\iar\Debug\Obj\TSP3519_9401757970942732151.dir\tsp_gpio.o
#        D:\Documents\nuedc\TSP-main_clearing_up\TSP-main\TSP3519\iar\Debug\Obj\TSP3519_9401757970942732151.dir\tsp_i2c.o
#        D:\Documents\nuedc\TSP-main_clearing_up\TSP-main\TSP3519\iar\Debug\Obj\NUEDU2025_11847588325976546582.dir\tsp_isr.o
#        D:\Documents\nuedc\TSP-main_clearing_up\TSP-main\TSP3519\iar\Debug\Obj\NUEDU2025_11847588325976546582.dir\tsp_menu.o
#        D:\Documents\nuedc\TSP-main_clearing_up\TSP-main\TSP3519\iar\Debug\Obj\NUEDU2025_11847588325976546582.dir\tsp_motor.o
#        D:\Documents\nuedc\TSP-main_clearing_up\TSP-main\TSP3519\iar\Debug\Obj\TSP3519_9401757970942732151.dir\TSP_MPU6050.o
#        D:\Documents\nuedc\TSP-main_clearing_up\TSP-main\TSP3519\iar\Debug\Obj\NUEDU2025_11847588325976546582.dir\tsp_pid.o
#        D:\Documents\nuedc\TSP-main_clearing_up\TSP-main\TSP3519\iar\Debug\Obj\TSP3519_9401757970942732151.dir\tsp_pwm.o
#        D:\Documents\nuedc\TSP-main_clearing_up\TSP-main\TSP3519\iar\Debug\Obj\TSP3519_9401757970942732151.dir\tsp_qei.o
#        D:\Documents\nuedc\TSP-main_clearing_up\TSP-main\TSP3519\iar\Debug\Obj\NUEDU2025_11847588325976546582.dir\tsp_servo.o
#        D:\Documents\nuedc\TSP-main_clearing_up\TSP-main\TSP3519\iar\Debug\Obj\TSP3519_9401757970942732151.dir\TSP_TFT18.o
#        D:\Documents\nuedc\TSP-main_clearing_up\TSP-main\TSP3519\iar\Debug\Obj\TSP3519_9401757970942732151.dir\tsp_uart.o
#        --redirect _Printf=_PrintfFullNoMb --redirect _Scanf=_ScanfFullNoMb
#        --no_out_extension -o
#        D:\Documents\nuedc\TSP-main_clearing_up\TSP-main\TSP3519\iar\Debug\Exe\empty_mspm0g3519_nortos_iar.out
#        --map
#        D:\Documents\nuedc\TSP-main_clearing_up\TSP-main\TSP3519\iar\Debug\List\empty_mspm0g3519_nortos_iar.map
#        --config
#        D:\Documents\nuedc\TSP-main_clearing_up\TSP-main\TSP3519\iar/mspm0g3519.icf
#        C:\ti\mspm0_sdk_2_05_01_00/source/ti/driverlib/lib/iar/m0p/mspm0gx51x/driverlib.a
#        --silent --semihosting --entry __iar_program_start --vfe --text_out
#        locale --cpu=Cortex-M0+ --fpu=None) --dependencies=n
#        D:\Documents\nuedc\TSP-main_clearing_up\TSP-main\TSP3519\iar\Debug\Exe\empty_mspm0g3519_nortos_iar.out.iar_deps
#
###############################################################################

*******************************************************************************
*** RUNTIME MODEL ATTRIBUTES
***

CppFlavor       = *
__CPP_Runtime   = 1
__SystemLibrary = DLib
__dlib_version  = 6


*******************************************************************************
*** HEAP SELECTION
***

The basic heap was selected because no calls to memory allocation
functions were found in the application outside of system library
functions, there are calls to deallocation functions in the
application, and the application appears to be primarily
optimized for speed.


*******************************************************************************
*** PLACEMENT SUMMARY
***

"A0":  place at address 0x0 { ro section .intvec };
define block ALIGNED_ROM with end alignment = 8 { ro };
"P1":  place in [from 0x0 to 0x7'ffff] { block ALIGNED_ROM };
define block CSTACK with size = 512, alignment = 8 { };
define block PROC_STACK with size = 0, alignment = 8 { };
define block TRIM_TABLE with alignment = 8 { rw code section .TrimTable };
define block HEAP with size = 1K, alignment = 8 { };
"P2":  place in [from 0x2020'0000 to 0x2020'ffff] {
          rw, block CSTACK, block PROC_STACK, block TRIM_TABLE, block HEAP };
initialize by copy { rw };

No sections matched the following patterns:

  rw code section .TrimTable  in block TRIM_TABLE
  section BCRCONFIG           in "P3"
  section BSLCONFIG           in "P4"
  section DataBank            in "P5"


  Section              Kind         Address  Alignment    Size  Object
  -------              ----         -------  ---------    ----  ------
"A0":                                                     0xc0
  .intvec              const            0x0          4    0xc0  startup_mspm0g351x_iar.o [5]
                                     - 0xc0               0xc0

"P1", part 1 of 2:                                      0x72a0
  ALIGNED_ROM                          0xc0             0x72a0  <Block>
    .rodata            const           0xc0          8    0x48  strto64.o [8]
    .rodata            const          0x108          4    0x28  ti_msp_dl_config.o [2]
    .rodata            const          0x130          4    0x50  ti_msp_dl_config.o [2]
    .rodata            const          0x180          4    0x2c  TSP3519.o [4]
    .rodata            const          0x1ac          4    0x5c  tsp_menu.o [1]
    .rodata            const          0x208          4   0x5f0  TSP_TFT18.o [3]
    .rodata            const          0x7f8          4    0x6a  xprintffull_nomb.o [6]
    .rodata            const          0x862          2     0x2  xlocale_c.o [6]
    .rodata            const          0x864          4    0x24  xscanffull_nomb.o [6]
    .rodata            const          0x888          4    0x28  xscanffull_nomb.o [6]
    .rodata            const          0x8b0          4    0x2c  xscanffull_nomb.o [6]
    .rodata            const          0x8dc          4    0x50  iar_Stoullx.o [6]
    .text              ro code        0x92c          4   0x46c  ti_msp_dl_config.o [2]
    .text              ro code        0xd98          4    0x54  ti_msp_dl_config.o [2]
    .text              ro code        0xdec          4    0xd0  ti_msp_dl_config.o [2]
    .text              ro code        0xebc          4   0x21c  ti_msp_dl_config.o [2]
    .text              ro code       0x10d8          4    0x40  ti_msp_dl_config.o [2]
    .text              ro code       0x1118          4    0x88  ti_msp_dl_config.o [2]
    .text              ro code       0x11a0          4    0xcc  ti_msp_dl_config.o [2]
    .text              ro code       0x126c          4    0x4c  ti_msp_dl_config.o [2]
    .text              ro code       0x12b8          4    0x4c  ti_msp_dl_config.o [2]
    .text              ro code       0x1304          4    0x50  ti_msp_dl_config.o [2]
    .text              ro code       0x1354          4    0x44  ti_msp_dl_config.o [2]
    .text              ro code       0x1398          4    0x3c  ti_msp_dl_config.o [2]
    .text              ro code       0x13d4          4    0x90  ti_msp_dl_config.o [2]
    .text              ro code       0x1464          4    0x5c  ti_msp_dl_config.o [2]
    .text              ro code       0x14c0          4    0x10  ti_msp_dl_config.o [2]
    .text              ro code       0x14d0          4     0xa  dl_common.o [7]
    .rodata            const         0x14da          2     0x2  xlocale_c.o [6]
    .text              ro code       0x14dc          4   0x184  dl_sysctl_mspm0gx51x.o [7]
    .text              ro code       0x1660          4   0x17c  dl_timer.o [7]
    .text              ro code       0x17dc          4    0xc8  dl_i2c.o [7]
    .text              ro code       0x18a4          4    0x60  dl_uart.o [7]
    .text              ro code       0x1904          4    0x84  dl_spi.o [7]
    .text              ro code       0x1988          4    0x4c  dl_adc12.o [7]
    .text              ro code       0x19d4          4    0x58  dl_factoryregion.o [7]
    .text              ro code       0x1a2c          4   0x2ec  TSP3519.o [4]
    .text              ro code       0x1d18          4   0x620  TSP_TFT18.o [3]
    .text              ro code       0x2338          4   0x1f0  TSP_MPU6050.o [3]
    .text              ro code       0x2528          4    0x20  tsp_uart.o [3]
    .text              ro code       0x2548          4    0x22  tsp_gpio.o [3]
    .text              ro code       0x256a          2     0x2  startup_mspm0g351x_iar.o [5]
    .text              ro code       0x256c          4    0x60  tsp_battery.o [3]
    .text              ro code       0x25cc          4    0x28  sscanf.o [6]
    .text              ro code       0x25f4          2    0xb0  FltMul.o [8]
    .text              ro code       0x26a4          2   0x120  FltAddSub.o [8]
    .text              ro code       0x27c4          4    0x7c  tsp_pwm.o [3]
    .text              ro code       0x2840          4    0x36  IxxToFlt.o [8]
    .text              ro code       0x2876          2     0xa  xsprout.o [6]
    .text              ro code       0x2880          4   0x164  tsp_pid.o [1]
    .text              ro code       0x29e4          4    0x3a  FltToS32.o [8]
    .text              ro code       0x2a1e          2    0x22  xsscin.o [6]
    .text              ro code       0x2a40          4   0x844  tsp_menu.o [1]
    .text              ro code       0x3284          4   0x374  TSP_CCD.o [3]
    .text              ro code       0x35f8          4   0x248  tsp_ccd_image.o [1]
    .text              ro code       0x3840          4   0x208  tsp_isr.o [1]
    .text              ro code       0x3a48          2    0xe0  I32DivModFast.o [9]
    .text              ro code       0x3b28          4   0x364  tsp_i2c.o [3]
    .text              ro code       0x3e8c          2    0xa4  FltDiv.o [8]
    .text              ro code       0x3f30          4   0xe5c  xscanffull_nomb.o [6]
    .text              ro code       0x4d8c          4    0x40  sprintf.o [6]
    .text              ro code       0x4dcc          4    0x32  FltToDbl.o [8]
    .text              ro code       0x4dfe          2   0x1b4  DblAddSub.o [8]
    .text              ro code       0x4fb2          2    0x62  DblToFlt.o [8]
    .text              ro code       0x5014          4    0x28  FltCmpGe.o [8]
    .text              ro code       0x503c          4    0x26  FltCmpLe.o [8]
    .rodata            const         0x5062                0x1  xlocale_c.o [6]
    .text              ro code       0x5064          4    0xb4  tsp_adc.o [3]
    .text              ro code       0x5118          4    0x34  tsp_qei.o [3]
    .text              ro code       0x514c          4     0x2  IntDivZer.o [9]
    .text              ro code       0x514e          2    0x12  isspace.o [6]
    .text              ro code       0x5160          4    0x12  strchr.o [9]
    .text              ro code       0x5172          2    0x12  isalpha.o [6]
    .text              ro code       0x5184          4    0x50  xlocale_c.o [6]
    .text              ro code       0x51d4          4   0x330  strto64.o [8]
    .text              ro code       0x5504          2    0x70  ldexp.o [8]
    .text              ro code       0x5574          4   0x1a6  iar_Stoullx.o [6]
    .text              ro code       0x571a          2    0xb2  iar_Stollx.o [6]
    .text              ro code       0x57cc          4    0x48  xfail_s.o [6]
    .text              ro code       0x5814          4    0x16  memchr.o [9]
    .text              ro code       0x582c          4   0xf86  xprintffull_nomb.o [6]
    .text              ro code       0x67b2          2   0x184  DblMul.o [8]
    .text              ro code       0x6936          2    0x2a  frexp.o [8]
    .text              ro code       0x6960          2    0xc2  DblDiv.o [8]
    .text              ro code       0x6a22          2   0x118  iar_Stopfx.o [6]
    .text              ro code       0x6b3c          4   0x1d4  iar_Stoflt.o [6]
    .text              ro code       0x6d10          4    0x34  IxxToDbl.o [8]
    .text              ro code       0x6d44          4   0x234  iar_Stoxflt.o [6]
    .text              ro code       0x6f78          4    0x32  I64Mul.o [9]
    .text              ro code       0x6faa          2    0x12  tolower.o [6]
    .text              ro code       0x6fbc          2    0x7c  I64DivMod.o [9]
    .text              ro code       0x7038          2     0xa  abort.o [6]
    .text              ro code       0x7044          4     0xe  strlen.o [9]
    .text              ro code       0x7054          4    0x4e  ABImemcpy.o [9]
    .text              ro code       0x70a2          2    0x32  DblCmpLe.o [8]
    .text              ro code       0x70d4          2    0x32  DblCmpGe.o [8]
    .text              ro code       0x7108          4    0x52  DblToI32.o [8]
    .text              ro code       0x715c          4     0x2  I64DivZer.o [9]
    .text              ro code       0x7160          4    0x14  exit.o [10]
    .text              ro code       0x7174          4    0x1c  cstartup_M.o [9]
    .text              ro code       0x7190          4    0x1e  cmain.o [9]
    .text              ro code       0x71ae          2     0x4  low_level_init.o [6]
    .text              ro code       0x71b4          4    0x28  data_init.o [9]
    .text              ro code       0x71dc          2     0x8  exit.o [6]
    .text              ro code       0x71e4          4     0xa  cexit.o [9]
    .text              ro code       0x71ee          2     0x8  startup_mspm0g351x_iar.o [5]
    .text              ro code       0x71f6          2    0x3c  zero_init3.o [9]
    .text              ro code       0x7232          2    0x80  lz77_init_single.o [9]
    .iar.init_table    const         0x72b4          4    0x20  - Linker created -
    .rodata            const         0x72d4                0x0  zero_init3.o [9]
    .rodata            const         0x72d4                0x0  lz77_init_single.o [9]
    Initializer bytes  const         0x72d4               0x85  <for P2-1>
                                   - 0x7359             0x7299

"P1", part 2 of 2:                                         0x0

"P2", part 1 of 3:                                       0x154
  P2-1                          0x2020'0000              0x154  <Init block>
    .data              inited   0x2020'0000          4    0xa4  tsp_menu.o [1]
    .data              inited   0x2020'00a4          4     0xc  TSP_MPU6050.o [3]
    .data              inited   0x2020'00b0          4     0xc  TSP_MPU6050.o [3]
    .data              inited   0x2020'00bc          4     0x4  tsp_pid.o [1]
    .data              inited   0x2020'00c0          4     0xc  tsp_pid.o [1]
    .data              inited   0x2020'00cc          4     0x4  dl_factoryregion.o [7]
    .data              inited   0x2020'00d0          4    0x38  xlocale_c.o [6]
    .data              inited   0x2020'0108          4    0x48  xlocale_c.o [6]
    .data              inited   0x2020'0150          2     0x4  tsp_servo.o [1]
                              - 0x2020'0154              0x154

"P2", part 2 of 3:                                       0x934
  .bss                 zero     0x2020'0154          4   0x400  tsp_ccd_image.o [1]
  .bss                 zero     0x2020'0554          4   0x224  ti_msp_dl_config.o [2]
  .bss                 zero     0x2020'0778          4   0x104  TSP_CCD.o [3]
  .bss                 zero     0x2020'087c          4   0x100  TSP_CCD.o [3]
  .bss                 zero     0x2020'097c          4    0x88  TSP3519.o [4]
  .TrimTable           zero     0x2020'0a04          4    0x44  dl_factoryregion.o [7]
  .bss                 zero     0x2020'0a48          4     0xc  tsp_qei.o [3]
  .bss                 zero     0x2020'0a54          4     0x8  tsp_isr.o [1]
  .bss                 zero     0x2020'0a5c          4     0x8  tsp_pid.o [1]
  .bss                 zero     0x2020'0a64          4     0x4  tsp_pid.o [1]
  .bss                 zero     0x2020'0a68          4     0x4  tsp_pid.o [1]
  .bss                 zero     0x2020'0a6c          4     0x4  xfail_s.o [6]
  .bss                 zero     0x2020'0a70          2     0x2  TSP3519.o [4]
  .bss                 zero     0x2020'0a72          2     0x2  TSP3519.o [4]
  .bss                 zero     0x2020'0a74                0x2  tsp_adc.o [3]
  .bss                 zero     0x2020'0a76          2     0x2  tsp_battery.o [3]
  .bss                 zero     0x2020'0a78          2     0x2  tsp_qei.o [3]
  .bss                 zero     0x2020'0a7a          2     0x2  tsp_qei.o [3]
  .bss                 zero     0x2020'0a7c          2     0x2  tsp_qei.o [3]
  .bss                 zero     0x2020'0a7e          2     0x2  tsp_qei.o [3]
  .bss                 zero     0x2020'0a80                0x1  TSP3519.o [4]
  .bss                 zero     0x2020'0a81                0x1  TSP3519.o [4]
  .bss                 zero     0x2020'0a82                0x1  TSP3519.o [4]
  .bss                 zero     0x2020'0a83                0x1  TSP3519.o [4]
  .bss                 zero     0x2020'0a84                0x1  tsp_isr.o [1]
                              - 0x2020'0a85              0x931

"P2", part 3 of 3:                                       0x200
  CSTACK                        0x2020'0a88          8   0x200  <Block>
    CSTACK             uninit   0x2020'0a88              0x200  <Block tail>
                              - 0x2020'0c88              0x200

Unused ranges:

         From           To      Size
         ----           --      ----
       0x7360     0x7'ffff  0x7'8ca0
  0x2020'0c88  0x2020'ffff    0xf378


*******************************************************************************
*** INIT TABLE
***

          Address      Size
          -------      ----
Zero (__iar_zero_init3)
    1 destination range, total size 0x931:
          0x2020'0154  0x931

Copy/lz77 (__iar_lz77_init_single3)
    1 source range, total size 0x85 (39% of destination):
               0x72d4   0x85
    1 destination range, total size 0x154:
          0x2020'0000  0x154



*******************************************************************************
*** MODULE SUMMARY
***

    Module                    ro code  ro data  rw data
    ------                    -------  -------  -------
command line/config:
    ---------------------------------------------------
    Total:

D:\Documents\nuedc\TSP-main_clearing_up\TSP-main\TSP3519\iar\Debug\Obj\NUEDU2025_11847588325976546582.dir: [1]
    tsp_ccd_image.o               584             1'024
    tsp_isr.o                     520                 9
    tsp_menu.o                  2'116      156      164
    tsp_pid.o                     356        6       32
    tsp_servo.o                              2        4
    ---------------------------------------------------
    Total:                      3'576      164    1'233

D:\Documents\nuedc\TSP-main_clearing_up\TSP-main\TSP3519\iar\Debug\Obj\SysConfig Generated Files_5435349133262493662.dir: [2]
    ti_msp_dl_config.o          2'980      120      548
    ---------------------------------------------------
    Total:                      2'980      120      548

D:\Documents\nuedc\TSP-main_clearing_up\TSP-main\TSP3519\iar\Debug\Obj\TSP3519_9401757970942732151.dir: [3]
    TSP_CCD.o                     884               516
    TSP_MPU6050.o                 496        9       24
    TSP_TFT18.o                 1'568    1'520
    tsp_adc.o                     180                 2
    tsp_battery.o                  96                 2
    tsp_gpio.o                     34
    tsp_i2c.o                     868
    tsp_pwm.o                     124
    tsp_qei.o                      52                20
    tsp_uart.o                     32
    ---------------------------------------------------
    Total:                      4'334    1'529      564

D:\Documents\nuedc\TSP-main_clearing_up\TSP-main\TSP3519\iar\Debug\Obj\empty_mspm0g3519_13168490636323535303.dir: [4]
    TSP3519.o                     748       44      144
    ---------------------------------------------------
    Total:                        748       44      144

D:\Documents\nuedc\TSP-main_clearing_up\TSP-main\TSP3519\iar\Debug\Obj\iar_102420246905159791.dir: [5]
    startup_mspm0g351x_iar.o       10      192
    ---------------------------------------------------
    Total:                         10      192

dl6M_tlf.a: [6]
    abort.o                        10
    exit.o                          8
    iar_Stoflt.o                  468
    iar_Stollx.o                  178
    iar_Stopfx.o                  280
    iar_Stoullx.o                 422       80
    iar_Stoxflt.o                 564
    isalpha.o                      18
    isspace.o                      18
    low_level_init.o                4
    sprintf.o                      64
    sscanf.o                       40
    tolower.o                      18
    xfail_s.o                      72                 4
    xlocale_c.o                    80       55      128
    xprintffull_nomb.o          3'974      106
    xscanffull_nomb.o           3'676      120
    xsprout.o                      10
    xsscin.o                       34
    ---------------------------------------------------
    Total:                      9'938      361      132

driverlib.a: [7]
    dl_adc12.o                     76
    dl_common.o                    10
    dl_factoryregion.o             88        2       72
    dl_i2c.o                      200
    dl_spi.o                      132
    dl_sysctl_mspm0gx51x.o        388
    dl_timer.o                    380
    dl_uart.o                      96
    ---------------------------------------------------
    Total:                      1'370        2       72

m6M_tl.a: [8]
    DblAddSub.o                   436
    DblCmpGe.o                     50
    DblCmpLe.o                     50
    DblDiv.o                      194
    DblMul.o                      388
    DblToFlt.o                     98
    DblToI32.o                     82
    FltAddSub.o                   288
    FltCmpGe.o                     40
    FltCmpLe.o                     38
    FltDiv.o                      164
    FltMul.o                      176
    FltToDbl.o                     50
    FltToS32.o                     58
    IxxToDbl.o                     52
    IxxToFlt.o                     54
    frexp.o                        42
    ldexp.o                       112
    strto64.o                     816       72
    ---------------------------------------------------
    Total:                      3'188       72

rt6M_tl.a: [9]
    ABImemcpy.o                    78
    I32DivModFast.o               224
    I64DivMod.o                   124
    I64DivZer.o                     2
    I64Mul.o                       50
    IntDivZer.o                     2
    cexit.o                        10
    cmain.o                        30
    cstartup_M.o                   28
    data_init.o                    40
    lz77_init_single.o            128
    memchr.o                       22
    strchr.o                       18
    strlen.o                       14
    zero_init3.o                   60
    ---------------------------------------------------
    Total:                        830

shb_l.a: [10]
    exit.o                         20
    ---------------------------------------------------
    Total:                         20

    Gaps                           17        2
    Linker created                          32      512
-------------------------------------------------------
    Grand Total:               27'011    2'518    3'205


*******************************************************************************
*** ENTRY LIST
***

Entry                       Address   Size  Type      Object
-----                       -------   ----  ----      ------
.iar.init_table$$Base        0x72b4          --   Gb  - Linker created -
.iar.init_table$$Limit       0x72d4          --   Gb  - Linker created -
?main                        0x7191         Code  Gb  cmain.o [9]
ADC0_IRQHandler              0x259f   0x20  Code  Gb  tsp_battery.o [3]
ADC0_flag               0x2020'0a76    0x2  Data  Gb  tsp_battery.o [3]
ADC0_init                    0x2595    0xa  Code  Gb  tsp_battery.o [3]
ADC1_IRQHandler              0x50cf   0x34  Code  Gb  tsp_adc.o [3]
ADC1_flag               0x2020'0a74    0x1  Data  Gb  tsp_adc.o [3]
ADC2_flag               0x2020'0a75    0x1  Data  Gb  tsp_adc.o [3]
AESADV_IRQHandler            0x256b    0x2  Code  Wk  startup_mspm0g351x_iar.o [5]
ALIGNED_ROM$$Base              0xc0          --   Gb  - Linker created -
ALIGNED_ROM$$Limit           0x7360          --   Gb  - Linker created -
Board_init                   0x1a39   0x18  Code  Gb  TSP3519.o [4]
CANFD0_IRQHandler            0x256b    0x2  Code  Wk  startup_mspm0g351x_iar.o [5]
CANFD1_IRQHandler            0x256b    0x2  Code  Wk  startup_mspm0g351x_iar.o [5]
CCD1_Get_AO                  0x50a7   0x28  Code  Gb  tsp_adc.o [3]
CCD_test                     0x356d   0x6a  Code  Gb  TSP_CCD.o [3]
CSTACK$$Base            0x2020'0a88          --   Gb  - Linker created -
CSTACK$$Limit           0x2020'0c88          --   Gb  - Linker created -
DAC0_IRQHandler              0x256b    0x2  Code  Wk  startup_mspm0g351x_iar.o [5]
DL_ADC12_clearInterruptStatus
                              0xa4d    0xc  Code  Lc  ti_msp_dl_config.o [2]
DL_ADC12_clearInterruptStatus
                             0x509b    0xc  Code  Lc  tsp_adc.o [3]
DL_ADC12_clearInterruptStatus
                             0x2589    0xc  Code  Lc  tsp_battery.o [3]
DL_ADC12_configConversionMem
                              0xa19   0x28  Code  Lc  ti_msp_dl_config.o [2]
DL_ADC12_enableConversions
                              0xa03   0x10  Code  Lc  ti_msp_dl_config.o [2]
DL_ADC12_enableConversions
                             0x5075   0x10  Code  Lc  tsp_adc.o [3]
DL_ADC12_enableInterrupt
                              0xa41    0xc  Code  Lc  ti_msp_dl_config.o [2]
DL_ADC12_enablePower          0x9ab    0xa  Code  Lc  ti_msp_dl_config.o [2]
DL_ADC12_getMemResult        0x5085    0xc  Code  Lc  tsp_adc.o [3]
DL_ADC12_getPendingInterrupt
                             0x5091    0xa  Code  Lc  tsp_adc.o [3]
DL_ADC12_getPendingInterrupt
                             0x257f    0xa  Code  Lc  tsp_battery.o [3]
DL_ADC12_initSeqSample        0x9bd   0x34  Code  Lc  ti_msp_dl_config.o [2]
DL_ADC12_reset                0x9b5    0x8  Code  Lc  ti_msp_dl_config.o [2]
DL_ADC12_setClockConfig
                             0x1989   0x3c  Code  Gb  dl_adc12.o [7]
DL_ADC12_setPowerDownMode
                              0x9f1   0x12  Code  Lc  ti_msp_dl_config.o [2]
DL_ADC12_setSampleTime0
                              0xa13    0x6  Code  Lc  ti_msp_dl_config.o [2]
DL_ADC12_startConversion
                             0x5065   0x10  Code  Lc  tsp_adc.o [3]
DL_Common_delayCycles        0x14d1    0xa  Code  Gb  dl_common.o [7]
DL_Common_updateReg           0x99f    0xc  Code  Lc  ti_msp_dl_config.o [2]
DL_Common_updateReg          0x3b29    0xc  Code  Lc  tsp_i2c.o [3]
DL_Common_updateReg          0x3841    0xc  Code  Lc  tsp_isr.o [1]
DL_FACTORYREGION_TrimTable
                        0x2020'0a04   0x44  Data  Gb  dl_factoryregion.o [7]
DL_FactoryRegion_initTrimTable
                             0x19d5   0x58  Code  Gb  dl_factoryregion.o [7]
DL_GPIO_clearInterruptStatus
                              0xb4f    0xc  Code  Lc  ti_msp_dl_config.o [2]
DL_GPIO_clearInterruptStatus
                             0x3863    0xc  Code  Lc  tsp_isr.o [1]
DL_GPIO_clearPins             0xb17    0x8  Code  Lc  ti_msp_dl_config.o [2]
DL_GPIO_clearPins            0x32a9    0x8  Code  Lc  TSP_CCD.o [3]
DL_GPIO_clearPins            0x3b8b    0x8  Code  Lc  tsp_i2c.o [3]
DL_GPIO_clearPins            0x1d1f    0x8  Code  Lc  TSP_TFT18.o [3]
DL_GPIO_enableHiZ             0xb31   0x12  Code  Lc  ti_msp_dl_config.o [2]
DL_GPIO_enableHiZ            0x3b99   0x12  Code  Lc  tsp_i2c.o [3]
DL_GPIO_enableInterrupt
                              0xb43    0xc  Code  Lc  ti_msp_dl_config.o [2]
DL_GPIO_enableOutput          0xb1f    0x6  Code  Lc  ti_msp_dl_config.o [2]
DL_GPIO_enableOutput         0x3b93    0x6  Code  Lc  tsp_i2c.o [3]
DL_GPIO_enablePower           0xa99    0xa  Code  Lc  ti_msp_dl_config.o [2]
DL_GPIO_getEnabledInterruptStatus
                             0x3859    0xa  Code  Lc  tsp_isr.o [1]
DL_GPIO_initDigitalInputFeatures
                              0xab7   0x1a  Code  Lc  ti_msp_dl_config.o [2]
DL_GPIO_initDigitalInputFeatures
                             0x3b41   0x1a  Code  Lc  tsp_i2c.o [3]
DL_GPIO_initDigitalOutput
                              0xaab    0xc  Code  Lc  ti_msp_dl_config.o [2]
DL_GPIO_initDigitalOutput
                             0x3b35    0xc  Code  Lc  tsp_i2c.o [3]
DL_GPIO_initPeripheralAnalogFunction
                              0xb0b    0xc  Code  Lc  ti_msp_dl_config.o [2]
DL_GPIO_initPeripheralInputFunction
                              0xadf    0xe  Code  Lc  ti_msp_dl_config.o [2]
DL_GPIO_initPeripheralInputFunctionFeatures
                              0xaed   0x1e  Code  Lc  ti_msp_dl_config.o [2]
DL_GPIO_initPeripheralInputFunctionFeatures
                             0x3b5b   0x1e  Code  Lc  tsp_i2c.o [3]
DL_GPIO_initPeripheralOutputFunction
                              0xad1    0xe  Code  Lc  ti_msp_dl_config.o [2]
DL_GPIO_readPins             0x1a2d    0xc  Code  Lc  TSP3519.o [4]
DL_GPIO_readPins             0x3297    0xc  Code  Lc  TSP_CCD.o [3]
DL_GPIO_readPins             0x35f9    0xc  Code  Lc  tsp_ccd_image.o [1]
DL_GPIO_readPins             0x3b79    0xc  Code  Lc  tsp_i2c.o [3]
DL_GPIO_readPins             0x384d    0xc  Code  Lc  tsp_isr.o [1]
DL_GPIO_readPins             0x2a41    0xc  Code  Lc  tsp_menu.o [1]
DL_GPIO_reset                 0xaa3    0x8  Code  Lc  ti_msp_dl_config.o [2]
DL_GPIO_setLowerPinsPolarity
                              0xb25    0xc  Code  Lc  ti_msp_dl_config.o [2]
DL_GPIO_setPins              0x32a3    0x6  Code  Lc  TSP_CCD.o [3]
DL_GPIO_setPins              0x3605    0x6  Code  Lc  tsp_ccd_image.o [1]
DL_GPIO_setPins              0x3b85    0x6  Code  Lc  tsp_i2c.o [3]
DL_GPIO_setPins              0x1d19    0x6  Code  Lc  TSP_TFT18.o [3]
DL_I2C_clearInterruptStatus
                             0x3c17    0x6  Code  Lc  tsp_i2c.o [3]
DL_I2C_enableAnalogGlitchFilter
                              0xb87   0x12  Code  Lc  ti_msp_dl_config.o [2]
DL_I2C_enableController
                              0xb9f    0xe  Code  Lc  ti_msp_dl_config.o [2]
DL_I2C_enableControllerClockStretching
                              0xbad    0xe  Code  Lc  ti_msp_dl_config.o [2]
DL_I2C_enablePower            0xb63    0xa  Code  Lc  ti_msp_dl_config.o [2]
DL_I2C_enablePower           0x3be5    0xa  Code  Lc  tsp_i2c.o [3]
DL_I2C_fillControllerTXFIFO
                             0x1807   0x74  Code  Gb  dl_i2c.o [7]
DL_I2C_flushControllerTXFIFO
                             0x187b   0x26  Code  Gb  dl_i2c.o [7]
DL_I2C_getControllerStatus
                             0x3bf7    0x6  Code  Lc  tsp_i2c.o [3]
DL_I2C_getRawInterruptStatus
                             0x3c0d    0xa  Code  Lc  tsp_i2c.o [3]
DL_I2C_isControllerRXFIFOEmpty
                             0x3bab   0x10  Code  Lc  tsp_i2c.o [3]
DL_I2C_receiveControllerData
                             0x3bfd    0x8  Code  Lc  tsp_i2c.o [3]
DL_I2C_reset                  0xb6d    0x8  Code  Lc  ti_msp_dl_config.o [2]
DL_I2C_reset                 0x3bef    0x8  Code  Lc  tsp_i2c.o [3]
DL_I2C_resetControllerTransfer
                              0xb5b    0x8  Code  Lc  ti_msp_dl_config.o [2]
DL_I2C_setAnalogGlitchFilterPulseWidth
                              0xb75   0x12  Code  Lc  ti_msp_dl_config.o [2]
DL_I2C_setClockConfig        0x17dd   0x2a  Code  Gb  dl_i2c.o [7]
DL_I2C_setControllerRXFIFOThreshold
                              0xbc9   0x10  Code  Lc  ti_msp_dl_config.o [2]
DL_I2C_setControllerTXFIFOThreshold
                              0xbbb    0xe  Code  Lc  ti_msp_dl_config.o [2]
DL_I2C_setTimerPeriod         0xb99    0x6  Code  Lc  ti_msp_dl_config.o [2]
DL_I2C_startControllerTransfer
                             0x3bbb   0x2a  Code  Lc  tsp_i2c.o [3]
DL_I2C_transmitControllerData
                             0x3c05    0x8  Code  Lc  tsp_i2c.o [3]
DL_SPI_enable                 0xbeb    0xe  Code  Lc  ti_msp_dl_config.o [2]
DL_SPI_enablePower            0xbd9    0xa  Code  Lc  ti_msp_dl_config.o [2]
DL_SPI_init                  0x1905   0x44  Code  Gb  dl_spi.o [7]
DL_SPI_receiveDataBlocking8
                             0x1959   0x10  Code  Gb  dl_spi.o [7]
DL_SPI_reset                  0xbe3    0x8  Code  Lc  ti_msp_dl_config.o [2]
DL_SPI_setBitRateSerialClockDivider
                              0xc11    0xe  Code  Lc  ti_msp_dl_config.o [2]
DL_SPI_setClockConfig        0x1949   0x10  Code  Gb  dl_spi.o [7]
DL_SPI_setFIFOThreshold
                              0xbf9   0x14  Code  Lc  ti_msp_dl_config.o [2]
DL_SPI_transmitDataBlocking8
                             0x1969    0xe  Code  Gb  dl_spi.o [7]
DL_SYSCTL_configSYSPLL       0x14dd   0xc2  Code  Gb  dl_sysctl_mspm0gx51x.o [7]
DL_SYSCTL_enableMFCLK         0xa7b    0xe  Code  Lc  ti_msp_dl_config.o [2]
DL_SYSCTL_setBORThreshold
                              0xa59    0x6  Code  Lc  ti_msp_dl_config.o [2]
DL_SYSCTL_setFlashWaitState
                              0xa89   0x10  Code  Lc  ti_msp_dl_config.o [2]
DL_SYSCTL_setHFCLKSourceHFXTParams
                             0x15cd   0x68  Code  Gb  dl_sysctl_mspm0gx51x.o [7]
DL_SYSCTL_setSYSOSCFreq
                              0xa5f    0xe  Code  Lc  ti_msp_dl_config.o [2]
DL_SYSCTL_setULPCLKDivider
                              0xa6d    0xe  Code  Lc  ti_msp_dl_config.o [2]
DL_SYSCTL_switchMCLKfromSYSOSCtoHSCLK
                             0x159f   0x24  Code  Gb  dl_sysctl_mspm0gx51x.o [7]
DL_Timer_configQEI            0xc89   0x1c  Code  Lc  ti_msp_dl_config.o [2]
DL_Timer_enableClock          0xc39    0x8  Code  Lc  ti_msp_dl_config.o [2]
DL_Timer_enablePower          0xc1f    0xa  Code  Lc  ti_msp_dl_config.o [2]
DL_Timer_getTimerCount       0x5119    0x8  Code  Lc  tsp_qei.o [3]
DL_Timer_initFourCCPWMMode
                             0x16c5   0xf6  Code  Gb  dl_timer.o [7]
DL_Timer_reset                0xc29    0x8  Code  Lc  ti_msp_dl_config.o [2]
DL_Timer_setCCPDirection
                              0xc31    0x8  Code  Lc  ti_msp_dl_config.o [2]
DL_Timer_setCaptCompUpdateMethod
                             0x1687   0x1a  Code  Gb  dl_timer.o [7]
DL_Timer_setCaptureCompareOutCtl
                             0x16a1   0x14  Code  Gb  dl_timer.o [7]
DL_Timer_setCaptureCompareValue
                             0x167d    0xa  Code  Gb  dl_timer.o [7]
DL_Timer_setClockConfig
                             0x1661   0x16  Code  Gb  dl_timer.o [7]
DL_Timer_setCounterControl
                              0xc4d   0x16  Code  Lc  ti_msp_dl_config.o [2]
DL_Timer_setCounterValueAfterEnable
                             0x386f   0x10  Code  Lc  tsp_isr.o [1]
DL_Timer_setLoadValue         0xc41    0x6  Code  Lc  ti_msp_dl_config.o [2]
DL_Timer_startCounter         0xc69    0xe  Code  Lc  ti_msp_dl_config.o [2]
DL_UART_enable                0xcc9   0x10  Code  Lc  ti_msp_dl_config.o [2]
DL_UART_enableInterrupt
                              0xd25    0xc  Code  Lc  ti_msp_dl_config.o [2]
DL_UART_enablePower           0xca5    0xa  Code  Lc  ti_msp_dl_config.o [2]
DL_UART_init                 0x18a5   0x48  Code  Gb  dl_uart.o [7]
DL_UART_isRXFIFOEmpty        0x387f    0xe  Code  Lc  tsp_isr.o [1]
DL_UART_receiveData          0x388d    0x8  Code  Lc  tsp_isr.o [1]
DL_UART_reset                 0xcaf    0x8  Code  Lc  ti_msp_dl_config.o [2]
DL_UART_setBaudRateDivisor
                              0xceb   0x30  Code  Lc  ti_msp_dl_config.o [2]
DL_UART_setClockConfig       0x18ed   0x10  Code  Gb  dl_uart.o [7]
DL_UART_setOversampling
                              0xcd9   0x12  Code  Lc  ti_msp_dl_config.o [2]
DMA_IRQHandler               0x256b    0x2  Code  Wk  startup_mspm0g351x_iar.o [5]
Default_Handler              0x256b    0x2  Code  Lc  startup_mspm0g351x_iar.o [5]
Dtentox                      0x51d5  0x1f4  Code  Lc  strto64.o [8]
Enable_GPIOA_INT             0x2561    0xa  Code  Gb  tsp_gpio.o [3]
FACTORYVALUE            0x2020'00cc    0x4  Data  Gb  dl_factoryregion.o [7]
GROUP0_IRQHandler            0x256b    0x2  Code  Wk  startup_mspm0g351x_iar.o [5]
GROUP1_IRQHandler            0x3971   0x74  Code  Gb  tsp_isr.o [1]
HardFault_Handler            0x256b    0x2  Code  Wk  startup_mspm0g351x_iar.o [5]
I2C0_IRQHandler              0x256b    0x2  Code  Wk  startup_mspm0g351x_iar.o [5]
I2C1_IRQHandler              0x256b    0x2  Code  Wk  startup_mspm0g351x_iar.o [5]
I2C2_IRQHandler              0x256b    0x2  Code  Wk  startup_mspm0g351x_iar.o [5]
LFSS_IRQHandler              0x256b    0x2  Code  Wk  startup_mspm0g351x_iar.o [5]
MPU6050ReadAcc               0x2411   0x30  Code  Gb  TSP_MPU6050.o [3]
MPU6050ReadGyro              0x2441   0x30  Code  Gb  TSP_MPU6050.o [3]
MPU6050ReadID                0x236d   0x1e  Code  Gb  TSP_MPU6050.o [3]
MPU6050_Init                 0x23a1   0x70  Code  Gb  TSP_MPU6050.o [3]
MPU6050_ReadData             0x235d    0xe  Code  Gb  TSP_MPU6050.o [3]
MPU6050_ReadReg              0x2349   0x14  Code  Gb  TSP_MPU6050.o [3]
MPU6050_WriteReg             0x2339   0x10  Code  Gb  TSP_MPU6050.o [3]
MenuCursor16x16              0x2c60   0x20  Data  Gb  tsp_menu.o [1]
NMI_Handler                  0x256b    0x2  Code  Wk  startup_mspm0g351x_iar.o [5]
PendSV_Handler               0x256b    0x2  Code  Wk  startup_mspm0g351x_iar.o [5]
RES_value               0x2020'0a83    0x1  Data  Gb  TSP3519.o [4]
Region$$Table$$Base          0x72b4          --   Gb  - Linker created -
Region$$Table$$Limit         0x72d4          --   Gb  - Linker created -
Reset_Handler                0x71ef    0x8  Code  Wk  startup_mspm0g351x_iar.o [5]
SPI0_IRQHandler              0x256b    0x2  Code  Wk  startup_mspm0g351x_iar.o [5]
SPI1_IRQHandler              0x256b    0x2  Code  Wk  startup_mspm0g351x_iar.o [5]
SPI2_IRQHandler              0x256b    0x2  Code  Wk  startup_mspm0g351x_iar.o [5]
SVC_Handler                  0x256b    0x2  Code  Wk  startup_mspm0g351x_iar.o [5]
SYSCFG_DL_BATTERY_init       0x1465   0x5c  Code  Wk  ti_msp_dl_config.o [2]
SYSCFG_DL_CCD_init           0x13d5   0x90  Code  Wk  ti_msp_dl_config.o [2]
SYSCFG_DL_GPIO_init           0xebd  0x21c  Code  Wk  ti_msp_dl_config.o [2]
SYSCFG_DL_K230_init          0x1355   0x44  Code  Wk  ti_msp_dl_config.o [2]
SYSCFG_DL_LCD_init           0x1399   0x3c  Code  Wk  ti_msp_dl_config.o [2]
SYSCFG_DL_MPU6050_init       0x1305   0x50  Code  Wk  ti_msp_dl_config.o [2]
SYSCFG_DL_Motor_init         0x11a1   0xcc  Code  Wk  ti_msp_dl_config.o [2]
SYSCFG_DL_QEI_1_init         0x126d   0x4c  Code  Wk  ti_msp_dl_config.o [2]
SYSCFG_DL_QEI_2_init         0x12b9   0x4c  Code  Wk  ti_msp_dl_config.o [2]
SYSCFG_DL_SYSCTL_init        0x10d9   0x40  Code  Wk  ti_msp_dl_config.o [2]
SYSCFG_DL_SYSTICK_init       0x14c1   0x10  Code  Wk  ti_msp_dl_config.o [2]
SYSCFG_DL_Servo_init         0x1119   0x88  Code  Wk  ti_msp_dl_config.o [2]
SYSCFG_DL_init                0xd99   0x54  Code  Wk  ti_msp_dl_config.o [2]
SYSCFG_DL_initPower           0xded   0xd0  Code  Wk  ti_msp_dl_config.o [2]
Scroll                  0x2020'0000    0x1  Data  Gb  tsp_menu.o [1]
SysTick_Config                0x971   0x2e  Code  Lc  ti_msp_dl_config.o [2]
SysTick_Handler              0x38a1   0x66  Code  Gb  tsp_isr.o [1]
TIMA0_IRQHandler             0x256b    0x2  Code  Wk  startup_mspm0g351x_iar.o [5]
TIMA1_IRQHandler             0x256b    0x2  Code  Wk  startup_mspm0g351x_iar.o [5]
TIMG0_IRQHandler             0x256b    0x2  Code  Wk  startup_mspm0g351x_iar.o [5]
TIMG12_IRQHandler            0x256b    0x2  Code  Wk  startup_mspm0g351x_iar.o [5]
TIMG14_IRQHandler            0x256b    0x2  Code  Wk  startup_mspm0g351x_iar.o [5]
TIMG6_IRQHandler             0x256b    0x2  Code  Wk  startup_mspm0g351x_iar.o [5]
TIMG7_IRQHandler             0x256b    0x2  Code  Wk  startup_mspm0g351x_iar.o [5]
TIMG8_IRQHandler             0x256b    0x2  Code  Wk  startup_mspm0g351x_iar.o [5]
TIMG9_IRQHandler             0x256b    0x2  Code  Wk  startup_mspm0g351x_iar.o [5]
TSP_QEI1_GetCount            0x5121   0x10  Code  Gb  tsp_qei.o [3]
TSP_QEI2_GetCount            0x5131   0x10  Code  Gb  tsp_qei.o [3]
UART0_IRQHandler             0x256b    0x2  Code  Wk  startup_mspm0g351x_iar.o [5]
UART1_IRQHandler             0x256b    0x2  Code  Wk  startup_mspm0g351x_iar.o [5]
UART3_IRQHandler             0x256b    0x2  Code  Wk  startup_mspm0g351x_iar.o [5]
UART4_IRQHandler             0x256b    0x2  Code  Wk  startup_mspm0g351x_iar.o [5]
UART5_IRQHandler             0x256b    0x2  Code  Wk  startup_mspm0g351x_iar.o [5]
UART6_IRQHandler             0x3919   0x58  Code  Gb  tsp_isr.o [1]
UART6_IRQHandler::uart_start
                        0x2020'0a84    0x1  Data  Lc  tsp_isr.o [1]
UART7_IRQHandler             0x256b    0x2  Code  Wk  startup_mspm0g351x_iar.o [5]
_Get                         0x3f31    0xc  Code  Lc  xscanffull_nomb.o [6]
_GetN                        0x3f47   0x1e  Code  Lc  xscanffull_nomb.o [6]
_GetstrFullNoMb              0x4b89  0x1c0  Code  Lc  xscanffull_nomb.o [6]
_LC                          0x582d    0x8  Code  Lc  xprintffull_nomb.o [6]
_LitobFullNoMb               0x660d  0x124  Code  Lc  xprintffull_nomb.o [6]
_LocaleC_isalpha             0x518b    0xc  Code  Gb  xlocale_c.o [6]
_LocaleC_islower             0x5185    0x4  Code  Gb  xlocale_c.o [6]
_LocaleC_isspace             0x51a1   0x14  Code  Gb  xlocale_c.o [6]
_LocaleC_isupper             0x5189    0x2  Code  Gb  xlocale_c.o [6]
_LocaleC_tolower             0x51b5    0xc  Code  Gb  xlocale_c.o [6]
_Locale_lconv           0x2020'00d0   0x38  Data  Lc  xlocale_c.o [6]
_PrintfFullNoMb              0x5835  0xdd8  Code  Gb  xprintffull_nomb.o [6]
_PutcharsFullNoMb            0x677d   0x36  Code  Lc  xprintffull_nomb.o [6]
_SProut                      0x2877    0xa  Code  Gb  xsprout.o [6]
_SScin                       0x2a1f   0x22  Code  Gb  xsscin.o [6]
_ScanfFullNoMb               0x3f85  0xbc0  Code  Gb  xscanffull_nomb.o [6]
_UngetN                      0x3f65   0x1e  Code  Lc  xscanffull_nomb.o [6]
__NVIC_EnableIRQ             0x256d   0x12  Code  Lc  tsp_battery.o [3]
__NVIC_EnableIRQ             0x3285   0x12  Code  Lc  TSP_CCD.o [3]
__NVIC_EnableIRQ             0x2549   0x12  Code  Lc  tsp_gpio.o [3]
__NVIC_EnableIRQ             0x2529   0x12  Code  Lc  tsp_uart.o [3]
__NVIC_SetPriority            0x92d   0x44  Code  Lc  ti_msp_dl_config.o [2]
__aeabi_cdcmple              0x70a3         Code  Gb  DblCmpLe.o [8]
__aeabi_cdrcmple             0x70d5         Code  Gb  DblCmpGe.o [8]
__aeabi_cfcmple              0x503d         Code  Gb  FltCmpLe.o [8]
__aeabi_cfrcmple             0x5015         Code  Gb  FltCmpGe.o [8]
__aeabi_d2f                  0x4fb3         Code  Gb  DblToFlt.o [8]
__aeabi_d2iz                 0x7109         Code  Gb  DblToI32.o [8]
__aeabi_d2uiz                0x712d         Code  Gb  DblToI32.o [8]
__aeabi_dadd                 0x4dff         Code  Gb  DblAddSub.o [8]
__aeabi_ddiv                 0x6961         Code  Gb  DblDiv.o [8]
__aeabi_dmul                 0x67b3         Code  Gb  DblMul.o [8]
__aeabi_dsub                 0x4ec5         Code  Gb  DblAddSub.o [8]
__aeabi_f2d                  0x4dcd         Code  Gb  FltToDbl.o [8]
__aeabi_f2iz                 0x29e5         Code  Gb  FltToS32.o [8]
__aeabi_fadd                 0x26a5         Code  Gb  FltAddSub.o [8]
__aeabi_fdiv                 0x3e8d         Code  Gb  FltDiv.o [8]
__aeabi_fmul                 0x25f5         Code  Gb  FltMul.o [8]
__aeabi_fsub                 0x2715         Code  Gb  FltAddSub.o [8]
__aeabi_i2d                  0x6d31         Code  Gb  IxxToDbl.o [8]
__aeabi_i2f                  0x2861         Code  Gb  IxxToFlt.o [8]
__aeabi_idiv                 0x3a75         Code  Gb  I32DivModFast.o [9]
__aeabi_idiv0                0x514d         Code  Gb  IntDivZer.o [9]
__aeabi_idivmod              0x3a75         Code  Gb  I32DivModFast.o [9]
__aeabi_ldiv0                0x715d         Code  Gb  I64DivZer.o [9]
__aeabi_lmul                 0x6f79         Code  Gb  I64Mul.o [9]
__aeabi_memcpy               0x7089         Code  Gb  ABImemcpy.o [9]
__aeabi_memcpy4              0x7055         Code  Gb  ABImemcpy.o [9]
__aeabi_memcpy8              0x7055         Code  Gb  ABImemcpy.o [9]
__aeabi_ui2d                 0x6d11         Code  Gb  IxxToDbl.o [8]
__aeabi_ui2f                 0x2841         Code  Gb  IxxToFlt.o [8]
__aeabi_uidiv                0x3a7b         Code  Gb  I32DivModFast.o [9]
__aeabi_uidivmod             0x3a7b         Code  Gb  I32DivModFast.o [9]
__aeabi_uldivmod             0x6fbd         Code  Gb  I64DivMod.o [9]
__cmain                      0x7191         Code  Gb  cmain.o [9]
__exit                       0x7161   0x14  Code  Gb  exit.o [10]
__iar_Fail_s                 0x57cd   0x22  Code  Gb  xfail_s.o [6]
__iar_Memchr                 0x5815         Code  Gb  memchr.o [9]
__iar_Memcpy                 0x7095         Code  Gb  ABImemcpy.o [9]
__iar_Sto64                  0x53d1  0x112  Code  Gb  strto64.o [8]
__iar_Stoflt                 0x6b3d  0x1d4  Code  Gb  iar_Stoflt.o [6]
__iar_Stollx                 0x571b   0xa8  Code  Gb  iar_Stollx.o [6]
__iar_Stopfx                 0x6a23  0x118  Code  Gb  iar_Stopfx.o [6]
__iar_Stoullx                0x5575  0x194  Code  Gb  iar_Stoullx.o [6]
__iar_Stoxflt                0x6d45  0x200  Code  Gb  iar_Stoxflt.o [6]
__iar_Stoxflt::digits        0x6f48   0x18  Data  Lc  iar_Stoxflt.o [6]
__iar_Stoxflt::vals          0x6f60   0x18  Data  Lc  iar_Stoxflt.o [6]
__iar_Strchr                 0x5161         Code  Gb  strchr.o [9]
__iar_d2uiz                  0x7131         Code  Gb  DblToI32.o [8]
__iar_data_init3             0x71b5   0x28  Code  Gb  data_init.o [9]
__iar_frexp                  0x6943         Code  Gb  frexp.o [8]
__iar_frexp64                0x6937         Code  Gb  frexp.o [8]
__iar_frexpl                 0x6943         Code  Gb  frexp.o [8]
__iar_globLocale        0x2020'0108   0x48  Data  Lc  xlocale_c.o [6]
__iar_global_Locale          0x51c1    0x4  Code  Gb  xlocale_c.o [6]
__iar_ldexp64                0x5505         Code  Gb  ldexp.o [8]
__iar_lz77_init_single3
                             0x7233   0x80  Code  Gb  lz77_init_single.o [9]
__iar_program_start          0x7175         Code  Gb  cstartup_M.o [9]
__iar_scalbln64              0x5505         Code  Gb  ldexp.o [8]
__iar_scalbn64               0x5505         Code  Gb  ldexp.o [8]
__iar_zero_init3             0x71f7   0x3c  Code  Gb  zero_init3.o [9]
__low_level_init             0x71af    0x4  Code  Gb  low_level_init.o [6]
__vector_table                  0x0   0xc0  Data  Gb  startup_mspm0g351x_iar.o [5]
_call_main                   0x719d         Code  Gb  cmain.o [9]
_exit                        0x71e5         Code  Gb  cexit.o [9]
abort                        0x7039    0xa  Code  Gb  abort.o [6]
acc_bias                0x2020'00b0    0xc  Data  Lc  TSP_MPU6050.o [3]
acc_bias_update              0x24d5   0x46  Code  Gb  TSP_MPU6050.o [3]
ccd_data_binary         0x2020'0254  0x100  Data  Gb  tsp_ccd_image.o [1]
ccd_data_gray           0x2020'0154  0x100  Data  Gb  tsp_ccd_image.o [1]
ccd_data_old            0x2020'087c  0x100  Data  Gb  TSP_CCD.o [3]
ccd_data_raw            0x2020'077c  0x100  Data  Gb  TSP_CCD.o [3]
ccd_data_show           0x2020'0354  0x100  Data  Gb  tsp_ccd_image.o [1]
ccd_data_temp           0x2020'0454  0x100  Data  Gb  tsp_ccd_image.o [1]
ccd_index               0x2020'0778    0x1  Data  Gb  TSP_CCD.o [3]
change                  0x2020'0001    0x1  Data  Gb  tsp_menu.o [1]
count_20ms              0x2020'0a72    0x2  Data  Gb  TSP3519.o [4]
delay                   0x2020'0a58    0x4  Data  Lc  tsp_isr.o [1]
delay_1ms                    0x3895    0xc  Code  Gb  tsp_isr.o [1]
digits                        0x904   0x28  Data  Lc  iar_Stoullx.o [6]
encoder_pulse_qei1      0x2020'0a78    0x2  Data  Gb  tsp_qei.o [3]
encoder_pulse_qei2      0x2020'0a7a    0x2  Data  Gb  tsp_qei.o [3]
encoder_speed_motor1    0x2020'0a7c    0x2  Data  Gb  tsp_qei.o [3]
encoder_speed_motor2    0x2020'0a7e    0x2  Data  Gb  tsp_qei.o [3]
exit                         0x71dd    0x8  Code  Gb  exit.o [6]
flag_20_ms              0x2020'0a82    0x1  Data  Gb  TSP3519.o [4]
frexp                        0x6937         Code  Gb  frexp.o [8]
frexpl                       0x6937         Code  Gb  frexp.o [8]
gBATTERYClockConfig           0x178    0x8  Data  Lc  ti_msp_dl_config.o [2]
gCCDClockConfig               0x170    0x8  Data  Lc  ti_msp_dl_config.o [2]
gK230ClockConfig              0x152    0x2  Data  Lc  ti_msp_dl_config.o [2]
gK230Config                   0x154    0xc  Data  Lc  ti_msp_dl_config.o [2]
gLCDBackup              0x2020'0750   0x28  Data  Gb  ti_msp_dl_config.o [2]
gLCD_clockConfig              0x16c    0x2  Data  Lc  ti_msp_dl_config.o [2]
gLCD_config                   0x160    0xc  Data  Lc  ti_msp_dl_config.o [2]
gMPU6050ClockConfig           0x150    0x2  Data  Lc  ti_msp_dl_config.o [2]
gMotorBackup            0x2020'0554   0xbc  Data  Gb  ti_msp_dl_config.o [2]
gMotorClockConfig             0x13c    0x4  Data  Lc  ti_msp_dl_config.o [2]
gMotorConfig                  0x140    0x8  Data  Lc  ti_msp_dl_config.o [2]
gQEI_1ClockConfig             0x148    0x4  Data  Lc  ti_msp_dl_config.o [2]
gQEI_2Backup            0x2020'06b0   0xa0  Data  Gb  ti_msp_dl_config.o [2]
gQEI_2ClockConfig             0x14c    0x4  Data  Lc  ti_msp_dl_config.o [2]
gSYSPLLConfig                 0x108   0x28  Data  Lc  ti_msp_dl_config.o [2]
gServoBackup            0x2020'0610   0xa0  Data  Gb  ti_msp_dl_config.o [2]
gServoClockConfig             0x130    0x4  Data  Lc  ti_msp_dl_config.o [2]
gServoConfig                  0x134    0x8  Data  Lc  ti_msp_dl_config.o [2]
gyro_bias               0x2020'00a4    0xc  Data  Lc  TSP_MPU6050.o [3]
gyro_bias_update             0x2471   0x64  Code  Gb  TSP_MPU6050.o [3]
isalpha                      0x5173   0x12  Code  Gb  isalpha.o [6]
isspace                      0x514f   0x12  Code  Gb  isspace.o [6]
kd_motor                0x2020'0a68    0x4  Data  Gb  tsp_pid.o [1]
kd_servo                0x2020'00c8    0x4  Data  Gb  tsp_pid.o [1]
ki_motor                0x2020'0a64    0x4  Data  Gb  tsp_pid.o [1]
ki_servo                0x2020'00c4    0x4  Data  Gb  tsp_pid.o [1]
kp_motor                0x2020'00bc    0x4  Data  Gb  tsp_pid.o [1]
kp_servo                0x2020'00c0    0x4  Data  Gb  tsp_pid.o [1]
ldexp                        0x5505         Code  Gb  ldexp.o [8]
ldexpl                       0x5505         Code  Gb  ldexp.o [8]
localeconv                   0x51c5    0x4  Code  Gb  xlocale_c.o [6]
main                         0x1c7f   0x60  Code  Gb  TSP3519.o [4]
memchr                       0x5815         Code  Gb  memchr.o [9]
menu_id                 0x2020'0a80    0x1  Data  Gb  TSP3519.o [4]
menu_item0              0x2020'0004   0xa0  Data  Gb  tsp_menu.o [1]
mspm0_get_clock_ms           0x3907   0x12  Code  Gb  tsp_isr.o [1]
mspm0_i2c_disable            0x3c1d   0x3a  Code  Gb  tsp_i2c.o [3]
mspm0_i2c_enable             0x3c57   0x4c  Code  Gb  tsp_i2c.o [3]
mspm0_i2c_read               0x3d75   0xce  Code  Gb  tsp_i2c.o [3]
mspm0_i2c_sda_unlock         0x3ca3   0x46  Code  Gb  tsp_i2c.o [3]
mspm0_i2c_write              0x3ce9   0x84  Code  Gb  tsp_i2c.o [3]
ndigs                         0x8dc   0x28  Data  Lc  iar_Stoullx.o [6]
para_set                     0x2c81  0x5bc  Code  Gb  tsp_menu.o [1]
pows                           0xc0   0x48  Data  Lc  strto64.o [8]
qei1_direction          0x2020'0a48    0x1  Data  Lc  tsp_qei.o [3]
qei1_last_count         0x2020'0a4c    0x4  Data  Lc  tsp_qei.o [3]
qei2_direction          0x2020'0a49    0x1  Data  Lc  tsp_qei.o [3]
qei2_last_count         0x2020'0a50    0x4  Data  Lc  tsp_qei.o [3]
ranmatch                     0x4b45   0x42  Code  Lc  xscanffull_nomb.o [6]
rx_buffer               0x2020'0984   0x80  Data  Gb  TSP3519.o [4]
rx_flag                 0x2020'097c    0x1  Data  Gb  TSP3519.o [4]
rx_idx                  0x2020'0a70    0x2  Data  Gb  TSP3519.o [4]
scalbln                      0x5505         Code  Gb  ldexp.o [8]
scalblnl                     0x5505         Code  Gb  ldexp.o [8]
scalbn                       0x5505         Code  Gb  ldexp.o [8]
scalbnl                      0x5505         Code  Gb  ldexp.o [8]
scale                        0x6731   0x44  Code  Lc  xprintffull_nomb.o [6]
sec_hand                0x2020'0a6c    0x4  Data  Lc  xfail_s.o [6]
servo1_x                0x2020'0150    0x2  Data  Gb  tsp_servo.o [1]
servo2_y                0x2020'0152    0x2  Data  Gb  tsp_servo.o [1]
show_menu_cursor             0x2bd5   0x8c  Code  Gb  tsp_menu.o [1]
speed                   0x2020'0a81    0x1  Data  Gb  TSP3519.o [4]
sprintf                      0x4d8d   0x40  Code  Gb  sprintf.o [6]
sscanf                       0x25cd   0x28  Code  Gb  sscanf.o [6]
strchr                       0x5161         Code  Gb  strchr.o [9]
strlen                       0x7045         Code  Gb  strlen.o [9]
strtoll                      0x57c3    0xa  Code  Gb  iar_Stollx.o [6]
strtoull                     0x5711    0xa  Code  Gb  iar_Stoullx.o [6]
sys_tick_counter        0x2020'0a54    0x4  Data  Gb  tsp_isr.o [1]
test                         0x1b8d   0xf2  Code  Gb  TSP3519.o [4]
tft_ascii                     0x208  0x5f0  Data  Gb  TSP_TFT18.o [3]
tolower                      0x6fab   0x12  Code  Gb  tolower.o [6]
tsp_ccd_binary               0x3679   0x24  Code  Gb  tsp_ccd_image.o [1]
tsp_ccd_data2Gray            0x3659   0x20  Code  Gb  tsp_ccd_image.o [1]
tsp_ccd_delay_1us            0x32b1   0x22  Code  Gb  TSP_CCD.o [3]
tsp_ccd_detect_scene         0x3735   0x62  Code  Gb  tsp_ccd_image.o [1]
tsp_ccd_flush                0x3315   0xd0  Code  Gb  TSP_CCD.o [3]
tsp_ccd_image_dilate         0x36ff   0x36  Code  Gb  tsp_ccd_image.o [1]
tsp_ccd_image_erode          0x36b9   0x46  Code  Gb  tsp_ccd_image.o [1]
tsp_ccd_init                 0x32d3    0xa  Code  Gb  TSP_CCD.o [3]
tsp_ccd_pulse_CLK            0x32dd   0x38  Code  Lc  TSP_CCD.o [3]
tsp_ccd_show                 0x3505   0x46  Code  Gb  TSP_CCD.o [3]
tsp_ccd_snapshot             0x33e5  0x120  Code  Gb  TSP_CCD.o [3]
tsp_ccd_threshold_mean       0x369d   0x1c  Code  Gb  tsp_ccd_image.o [1]
tsp_demo_frame_ccd           0x354b   0x22  Code  Gb  TSP_CCD.o [3]
tsp_img_test                 0x37a1   0x96  Code  Gb  tsp_ccd_image.o [1]
tsp_menu_loop                0x2aa5  0x116  Code  Gb  tsp_menu.o [1]
tsp_pid_control              0x296f   0x5c  Code  Gb  tsp_pid.o [1]
tsp_pid_control::integral
                        0x2020'0a5c    0x4  Data  Lc  tsp_pid.o [1]
tsp_pid_control::prev_error
                        0x2020'0a60    0x4  Data  Lc  tsp_pid.o [1]
tsp_servo_angle              0x27c5   0x58  Code  Gb  tsp_pwm.o [3]
tsp_servo_control_pid        0x2881   0xee  Code  Gb  tsp_pid.o [1]
tsp_show1_ccd_gray           0x360b   0x4e  Code  Gb  tsp_ccd_image.o [1]
tsp_show_arrow               0x2a4d   0x58  Code  Gb  tsp_menu.o [1]
tsp_spi_write_byte           0x1e2d   0x14  Code  Lc  TSP_TFT18.o [3]
tsp_tft18_clear              0x1ec3   0x36  Code  Gb  TSP_TFT18.o [3]
tsp_tft18_draw_block         0x22c5   0x72  Code  Gb  TSP_TFT18.o [3]
tsp_tft18_draw_frame         0x2263   0x62  Code  Gb  TSP_TFT18.o [3]
tsp_tft18_draw_line_h        0x21dd   0x44  Code  Gb  TSP_TFT18.o [3]
tsp_tft18_draw_line_v        0x2221   0x42  Code  Gb  TSP_TFT18.o [3]
tsp_tft18_draw_pixel         0x1f05   0x14  Code  Gb  TSP_TFT18.o [3]
tsp_tft18_init               0x1d27  0x106  Code  Gb  TSP_TFT18.o [3]
tsp_tft18_set_region         0x1e8d   0x36  Code  Gb  TSP_TFT18.o [3]
tsp_tft18_set_xy             0x1ef9    0xc  Code  Gb  TSP_TFT18.o [3]
tsp_tft18_show_char          0x1f19   0x5a  Code  Gb  TSP_TFT18.o [3]
tsp_tft18_show_char_color
                             0x1f73   0x72  Code  Gb  TSP_TFT18.o [3]
tsp_tft18_show_int16         0x20c1   0x9c  Code  Gb  TSP_TFT18.o [3]
tsp_tft18_show_str           0x2001   0x28  Code  Gb  TSP_TFT18.o [3]
tsp_tft18_show_str_color
                             0x2029   0x40  Code  Gb  TSP_TFT18.o [3]
tsp_tft18_show_uint16        0x215d   0x7a  Code  Gb  TSP_TFT18.o [3]
tsp_tft18_show_uint8         0x2069   0x58  Code  Gb  TSP_TFT18.o [3]
tsp_tft18_write_2byte        0x1e6d   0x20  Code  Gb  TSP_TFT18.o [3]
tsp_tft18_write_byte         0x1e57   0x16  Code  Gb  TSP_TFT18.o [3]
tsp_tft18_write_cmd          0x1e41   0x16  Code  Gb  TSP_TFT18.o [3]
tsp_uart6_init               0x253b    0xa  Code  Gb  tsp_uart.o [3]
uart6_test                   0x1a51  0x13a  Code  Gb  TSP3519.o [4]
uart6_test::t           0x2020'0980    0x4  Data  Lc  TSP3519.o [4]


[1] = D:\Documents\nuedc\TSP-main_clearing_up\TSP-main\TSP3519\iar\Debug\Obj\NUEDU2025_11847588325976546582.dir
[2] = D:\Documents\nuedc\TSP-main_clearing_up\TSP-main\TSP3519\iar\Debug\Obj\SysConfig Generated Files_5435349133262493662.dir
[3] = D:\Documents\nuedc\TSP-main_clearing_up\TSP-main\TSP3519\iar\Debug\Obj\TSP3519_9401757970942732151.dir
[4] = D:\Documents\nuedc\TSP-main_clearing_up\TSP-main\TSP3519\iar\Debug\Obj\empty_mspm0g3519_13168490636323535303.dir
[5] = D:\Documents\nuedc\TSP-main_clearing_up\TSP-main\TSP3519\iar\Debug\Obj\iar_102420246905159791.dir
[6] = dl6M_tlf.a
[7] = driverlib.a
[8] = m6M_tl.a
[9] = rt6M_tl.a
[10] = shb_l.a

  27'011 bytes of readonly  code memory
   2'518 bytes of readonly  data memory
   3'205 bytes of readwrite data memory

Errors: none
Warnings: none
